--------------------------------------------------------------------------------
Release 10.1 Trace  (nt)
Copyright (c) 1995-2008 Xilinx, Inc.  All rights reserved.

C:\Xilinx\10.1\ISE\bin\nt\unwrapped\trce.exe -ise C:/yzhou477/yzhou477.ise
-intstyle ise -e 3 -s 6 -xml ALUsch_32bit ALUsch_32bit.ncd -o ALUsch_32bit.twr
ALUsch_32bit.pcf

Design file:              ALUsch_32bit.ncd
Physical constraint file: ALUsch_32bit.pcf
Device,package,speed:     xa2s300e,ft256,-6 (PRODUCTION 1.18 2008-01-09)
Report level:             error report

Environment Variable      Effect 
--------------------      ------ 
NONE                      No environment variables were set
--------------------------------------------------------------------------------

INFO:Timing:2698 - No timing constraints found, doing default enumeration.
INFO:Timing:2752 - To get complete path coverage, use the unconstrained paths 
   option. All paths that are not constrained will be reported in the 
   unconstrained paths section(s) of the report.
INFO:Timing:3339 - The clock-to-out numbers in this timing report are based on 
   a 50 Ohm transmission line loading model.  For the details of this model, 
   and for more information on accounting for different loading conditions, 
   please see the device datasheet.



Data Sheet report:
-----------------
All values displayed in nanoseconds (ns)

Pad to Pad
---------------+---------------+---------+
Source Pad     |Destination Pad|  Delay  |
---------------+---------------+---------+
a<0>           |add_cout       |   48.525|
a<0>           |sub_cout       |   48.069|
a<0>           |z<0>           |   17.376|
a<0>           |z<1>           |   17.201|
a<0>           |z<2>           |   17.661|
a<0>           |z<3>           |   19.240|
a<0>           |z<4>           |   19.425|
a<0>           |z<5>           |   20.973|
a<0>           |z<6>           |   23.328|
a<0>           |z<7>           |   24.428|
a<0>           |z<8>           |   24.821|
a<0>           |z<9>           |   26.166|
a<0>           |z<10>          |   28.323|
a<0>           |z<11>          |   29.524|
a<0>           |z<12>          |   31.054|
a<0>           |z<13>          |   30.356|
a<0>           |z<14>          |   32.064|
a<0>           |z<15>          |   33.912|
a<0>           |z<16>          |   34.117|
a<0>           |z<17>          |   36.052|
a<0>           |z<18>          |   36.580|
a<0>           |z<19>          |   37.843|
a<0>           |z<20>          |   38.310|
a<0>           |z<21>          |   40.143|
a<0>           |z<22>          |   40.645|
a<0>           |z<23>          |   42.483|
a<0>           |z<24>          |   42.800|
a<0>           |z<25>          |   45.047|
a<0>           |z<26>          |   45.606|
a<0>           |z<27>          |   46.534|
a<0>           |z<28>          |   48.242|
a<0>           |z<29>          |   49.498|
a<0>           |z<30>          |   50.450|
a<0>           |z<31>          |   50.598|
a<1>           |add_cout       |   47.910|
a<1>           |sub_cout       |   45.845|
a<1>           |z<0>           |   16.801|
a<1>           |z<1>           |   14.775|
a<1>           |z<2>           |   16.406|
a<1>           |z<3>           |   18.625|
a<1>           |z<4>           |   17.792|
a<1>           |z<5>           |   20.358|
a<1>           |z<6>           |   22.416|
a<1>           |z<7>           |   22.774|
a<1>           |z<8>           |   23.101|
a<1>           |z<9>           |   25.551|
a<1>           |z<10>          |   26.099|
a<1>           |z<11>          |   28.554|
a<1>           |z<12>          |   29.385|
a<1>           |z<13>          |   29.741|
a<1>           |z<14>          |   30.589|
a<1>           |z<15>          |   31.688|
a<1>           |z<16>          |   32.824|
a<1>           |z<17>          |   35.437|
a<1>           |z<18>          |   35.805|
a<1>           |z<19>          |   37.146|
a<1>           |z<20>          |   37.695|
a<1>           |z<21>          |   39.528|
a<1>           |z<22>          |   39.937|
a<1>           |z<23>          |   41.868|
a<1>           |z<24>          |   41.496|
a<1>           |z<25>          |   44.432|
a<1>           |z<26>          |   44.991|
a<1>           |z<27>          |   45.919|
a<1>           |z<28>          |   47.627|
a<1>           |z<29>          |   48.883|
a<1>           |z<30>          |   49.835|
a<1>           |z<31>          |   49.983|
a<2>           |add_cout       |   46.708|
a<2>           |sub_cout       |   46.120|
a<2>           |z<1>           |   15.470|
a<2>           |z<2>           |   15.411|
a<2>           |z<3>           |   17.423|
a<2>           |z<4>           |   17.476|
a<2>           |z<5>           |   19.156|
a<2>           |z<6>           |   21.379|
a<2>           |z<7>           |   22.479|
a<2>           |z<8>           |   22.872|
a<2>           |z<9>           |   24.349|
a<2>           |z<10>          |   26.374|
a<2>           |z<11>          |   27.575|
a<2>           |z<12>          |   29.105|
a<2>           |z<13>          |   28.539|
a<2>           |z<14>          |   30.115|
a<2>           |z<15>          |   31.963|
a<2>           |z<16>          |   32.168|
a<2>           |z<17>          |   34.235|
a<2>           |z<18>          |   34.631|
a<2>           |z<19>          |   35.944|
a<2>           |z<20>          |   36.493|
a<2>           |z<21>          |   38.326|
a<2>           |z<22>          |   38.735|
a<2>           |z<23>          |   40.666|
a<2>           |z<24>          |   40.851|
a<2>           |z<25>          |   43.230|
a<2>           |z<26>          |   43.789|
a<2>           |z<27>          |   44.717|
a<2>           |z<28>          |   46.425|
a<2>           |z<29>          |   47.681|
a<2>           |z<30>          |   48.633|
a<2>           |z<31>          |   48.781|
a<3>           |add_cout       |   45.370|
a<3>           |sub_cout       |   44.317|
a<3>           |z<2>           |   15.056|
a<3>           |z<3>           |   15.330|
a<3>           |z<4>           |   15.673|
a<3>           |z<5>           |   17.818|
a<3>           |z<6>           |   19.876|
a<3>           |z<7>           |   20.676|
a<3>           |z<8>           |   21.069|
a<3>           |z<9>           |   23.011|
a<3>           |z<10>          |   24.571|
a<3>           |z<11>          |   26.014|
a<3>           |z<12>          |   27.302|
a<3>           |z<13>          |   27.201|
a<3>           |z<14>          |   28.312|
a<3>           |z<15>          |   30.160|
a<3>           |z<16>          |   30.365|
a<3>           |z<17>          |   32.897|
a<3>           |z<18>          |   33.265|
a<3>           |z<19>          |   34.606|
a<3>           |z<20>          |   35.155|
a<3>           |z<21>          |   36.988|
a<3>           |z<22>          |   37.397|
a<3>           |z<23>          |   39.328|
a<3>           |z<24>          |   39.048|
a<3>           |z<25>          |   41.892|
a<3>           |z<26>          |   42.451|
a<3>           |z<27>          |   43.379|
a<3>           |z<28>          |   45.087|
a<3>           |z<29>          |   46.343|
a<3>           |z<30>          |   47.295|
a<3>           |z<31>          |   47.443|
a<4>           |add_cout       |   43.838|
a<4>           |sub_cout       |   43.117|
a<4>           |z<3>           |   15.747|
a<4>           |z<4>           |   14.643|
a<4>           |z<5>           |   16.286|
a<4>           |z<6>           |   18.376|
a<4>           |z<7>           |   19.476|
a<4>           |z<8>           |   19.869|
a<4>           |z<9>           |   21.479|
a<4>           |z<10>          |   23.371|
a<4>           |z<11>          |   24.572|
a<4>           |z<12>          |   26.102|
a<4>           |z<13>          |   25.669|
a<4>           |z<14>          |   27.112|
a<4>           |z<15>          |   28.960|
a<4>           |z<16>          |   29.165|
a<4>           |z<17>          |   31.365|
a<4>           |z<18>          |   31.733|
a<4>           |z<19>          |   33.074|
a<4>           |z<20>          |   33.623|
a<4>           |z<21>          |   35.456|
a<4>           |z<22>          |   35.865|
a<4>           |z<23>          |   37.796|
a<4>           |z<24>          |   37.848|
a<4>           |z<25>          |   40.360|
a<4>           |z<26>          |   40.919|
a<4>           |z<27>          |   41.847|
a<4>           |z<28>          |   43.555|
a<4>           |z<29>          |   44.811|
a<4>           |z<30>          |   45.763|
a<4>           |z<31>          |   45.911|
a<5>           |add_cout       |   42.591|
a<5>           |sub_cout       |   41.189|
a<5>           |z<4>           |   14.689|
a<5>           |z<5>           |   14.124|
a<5>           |z<6>           |   17.097|
a<5>           |z<7>           |   17.548|
a<5>           |z<8>           |   17.941|
a<5>           |z<9>           |   20.232|
a<5>           |z<10>          |   21.443|
a<5>           |z<11>          |   23.235|
a<5>           |z<12>          |   24.174|
a<5>           |z<13>          |   24.422|
a<5>           |z<14>          |   25.270|
a<5>           |z<15>          |   27.032|
a<5>           |z<16>          |   27.505|
a<5>           |z<17>          |   30.118|
a<5>           |z<18>          |   30.486|
a<5>           |z<19>          |   31.827|
a<5>           |z<20>          |   32.376|
a<5>           |z<21>          |   34.209|
a<5>           |z<22>          |   34.618|
a<5>           |z<23>          |   36.549|
a<5>           |z<24>          |   36.177|
a<5>           |z<25>          |   39.113|
a<5>           |z<26>          |   39.672|
a<5>           |z<27>          |   40.600|
a<5>           |z<28>          |   42.308|
a<5>           |z<29>          |   43.564|
a<5>           |z<30>          |   44.516|
a<5>           |z<31>          |   44.664|
a<6>           |add_cout       |   41.156|
a<6>           |sub_cout       |   40.379|
a<6>           |z<5>           |   14.786|
a<6>           |z<6>           |   15.236|
a<6>           |z<7>           |   16.738|
a<6>           |z<8>           |   17.131|
a<6>           |z<9>           |   18.797|
a<6>           |z<10>          |   20.633|
a<6>           |z<11>          |   21.834|
a<6>           |z<12>          |   23.364|
a<6>           |z<13>          |   22.987|
a<6>           |z<14>          |   24.374|
a<6>           |z<15>          |   26.222|
a<6>           |z<16>          |   26.427|
a<6>           |z<17>          |   28.683|
a<6>           |z<18>          |   29.051|
a<6>           |z<19>          |   30.392|
a<6>           |z<20>          |   30.941|
a<6>           |z<21>          |   32.774|
a<6>           |z<22>          |   33.183|
a<6>           |z<23>          |   35.114|
a<6>           |z<24>          |   35.110|
a<6>           |z<25>          |   37.678|
a<6>           |z<26>          |   38.237|
a<6>           |z<27>          |   39.165|
a<6>           |z<28>          |   40.873|
a<6>           |z<29>          |   42.129|
a<6>           |z<30>          |   43.081|
a<6>           |z<31>          |   43.229|
a<7>           |add_cout       |   40.404|
a<7>           |sub_cout       |   38.891|
a<7>           |z<6>           |   15.544|
a<7>           |z<7>           |   15.175|
a<7>           |z<8>           |   15.643|
a<7>           |z<9>           |   18.045|
a<7>           |z<10>          |   19.145|
a<7>           |z<11>          |   21.048|
a<7>           |z<12>          |   21.879|
a<7>           |z<13>          |   22.235|
a<7>           |z<14>          |   23.083|
a<7>           |z<15>          |   24.734|
a<7>           |z<16>          |   25.318|
a<7>           |z<17>          |   27.931|
a<7>           |z<18>          |   28.299|
a<7>           |z<19>          |   29.640|
a<7>           |z<20>          |   30.189|
a<7>           |z<21>          |   32.022|
a<7>           |z<22>          |   32.431|
a<7>           |z<23>          |   34.362|
a<7>           |z<24>          |   33.990|
a<7>           |z<25>          |   36.926|
a<7>           |z<26>          |   37.485|
a<7>           |z<27>          |   38.413|
a<7>           |z<28>          |   40.121|
a<7>           |z<29>          |   41.377|
a<7>           |z<30>          |   42.329|
a<7>           |z<31>          |   42.477|
a<8>           |add_cout       |   41.168|
a<8>           |sub_cout       |   39.944|
a<8>           |z<7>           |   16.627|
a<8>           |z<8>           |   16.298|
a<8>           |z<9>           |   18.809|
a<8>           |z<10>          |   20.198|
a<8>           |z<11>          |   21.812|
a<8>           |z<12>          |   22.929|
a<8>           |z<13>          |   22.999|
a<8>           |z<14>          |   23.939|
a<8>           |z<15>          |   25.787|
a<8>           |z<16>          |   26.082|
a<8>           |z<17>          |   28.695|
a<8>           |z<18>          |   29.063|
a<8>           |z<19>          |   30.404|
a<8>           |z<20>          |   30.953|
a<8>           |z<21>          |   32.786|
a<8>           |z<22>          |   33.195|
a<8>           |z<23>          |   35.126|
a<8>           |z<24>          |   34.754|
a<8>           |z<25>          |   37.690|
a<8>           |z<26>          |   38.249|
a<8>           |z<27>          |   39.177|
a<8>           |z<28>          |   40.885|
a<8>           |z<29>          |   42.141|
a<8>           |z<30>          |   43.093|
a<8>           |z<31>          |   43.241|
a<9>           |add_cout       |   39.818|
a<9>           |sub_cout       |   37.242|
a<9>           |z<8>           |   16.305|
a<9>           |z<9>           |   16.980|
a<9>           |z<10>          |   17.821|
a<9>           |z<11>          |   20.462|
a<9>           |z<12>          |   21.293|
a<9>           |z<13>          |   21.649|
a<9>           |z<14>          |   22.497|
a<9>           |z<15>          |   23.504|
a<9>           |z<16>          |   24.732|
a<9>           |z<17>          |   27.345|
a<9>           |z<18>          |   27.713|
a<9>           |z<19>          |   29.054|
a<9>           |z<20>          |   29.603|
a<9>           |z<21>          |   31.436|
a<9>           |z<22>          |   31.845|
a<9>           |z<23>          |   33.776|
a<9>           |z<24>          |   33.404|
a<9>           |z<25>          |   36.340|
a<9>           |z<26>          |   36.899|
a<9>           |z<27>          |   37.827|
a<9>           |z<28>          |   39.535|
a<9>           |z<29>          |   40.791|
a<9>           |z<30>          |   41.743|
a<9>           |z<31>          |   41.891|
a<10>          |add_cout       |   36.734|
a<10>          |sub_cout       |   35.701|
a<10>          |z<9>           |   16.483|
a<10>          |z<10>          |   15.670|
a<10>          |z<11>          |   17.378|
a<10>          |z<12>          |   18.686|
a<10>          |z<13>          |   18.565|
a<10>          |z<14>          |   19.696|
a<10>          |z<15>          |   21.544|
a<10>          |z<16>          |   21.749|
a<10>          |z<17>          |   24.261|
a<10>          |z<18>          |   24.629|
a<10>          |z<19>          |   25.970|
a<10>          |z<20>          |   26.519|
a<10>          |z<21>          |   28.352|
a<10>          |z<22>          |   28.761|
a<10>          |z<23>          |   30.692|
a<10>          |z<24>          |   30.432|
a<10>          |z<25>          |   33.256|
a<10>          |z<26>          |   33.815|
a<10>          |z<27>          |   34.743|
a<10>          |z<28>          |   36.451|
a<10>          |z<29>          |   37.707|
a<10>          |z<30>          |   38.659|
a<10>          |z<31>          |   38.807|
a<11>          |add_cout       |   36.233|
a<11>          |sub_cout       |   34.976|
a<11>          |z<10>          |   16.495|
a<11>          |z<11>          |   16.727|
a<11>          |z<12>          |   17.961|
a<11>          |z<13>          |   18.064|
a<11>          |z<14>          |   18.971|
a<11>          |z<15>          |   20.819|
a<11>          |z<16>          |   21.147|
a<11>          |z<17>          |   23.760|
a<11>          |z<18>          |   24.128|
a<11>          |z<19>          |   25.469|
a<11>          |z<20>          |   26.018|
a<11>          |z<21>          |   27.851|
a<11>          |z<22>          |   28.260|
a<11>          |z<23>          |   30.191|
a<11>          |z<24>          |   29.819|
a<11>          |z<25>          |   32.755|
a<11>          |z<26>          |   33.314|
a<11>          |z<27>          |   34.242|
a<11>          |z<28>          |   35.950|
a<11>          |z<29>          |   37.206|
a<11>          |z<30>          |   38.158|
a<11>          |z<31>          |   38.306|
a<12>          |add_cout       |   34.500|
a<12>          |sub_cout       |   33.295|
a<12>          |z<11>          |   16.457|
a<12>          |z<12>          |   15.785|
a<12>          |z<13>          |   16.331|
a<12>          |z<14>          |   17.290|
a<12>          |z<15>          |   19.138|
a<12>          |z<16>          |   19.414|
a<12>          |z<17>          |   22.027|
a<12>          |z<18>          |   22.395|
a<12>          |z<19>          |   23.736|
a<12>          |z<20>          |   24.285|
a<12>          |z<21>          |   26.118|
a<12>          |z<22>          |   26.527|
a<12>          |z<23>          |   28.458|
a<12>          |z<24>          |   28.086|
a<12>          |z<25>          |   31.022|
a<12>          |z<26>          |   31.581|
a<12>          |z<27>          |   32.509|
a<12>          |z<28>          |   34.217|
a<12>          |z<29>          |   35.473|
a<12>          |z<30>          |   36.425|
a<12>          |z<31>          |   36.573|
a<13>          |add_cout       |   33.398|
a<13>          |sub_cout       |   32.074|
a<13>          |z<12>          |   14.879|
a<13>          |z<13>          |   14.770|
a<13>          |z<14>          |   16.077|
a<13>          |z<15>          |   17.917|
a<13>          |z<16>          |   18.312|
a<13>          |z<17>          |   20.925|
a<13>          |z<18>          |   21.293|
a<13>          |z<19>          |   22.634|
a<13>          |z<20>          |   23.183|
a<13>          |z<21>          |   25.016|
a<13>          |z<22>          |   25.425|
a<13>          |z<23>          |   27.356|
a<13>          |z<24>          |   26.984|
a<13>          |z<25>          |   29.920|
a<13>          |z<26>          |   30.479|
a<13>          |z<27>          |   31.407|
a<13>          |z<28>          |   33.115|
a<13>          |z<29>          |   34.371|
a<13>          |z<30>          |   35.323|
a<13>          |z<31>          |   35.471|
a<14>          |add_cout       |   31.943|
a<14>          |sub_cout       |   31.562|
a<14>          |z<13>          |   15.463|
a<14>          |z<14>          |   14.572|
a<14>          |z<15>          |   17.405|
a<14>          |z<16>          |   17.610|
a<14>          |z<17>          |   19.470|
a<14>          |z<18>          |   20.073|
a<14>          |z<19>          |   21.336|
a<14>          |z<20>          |   21.728|
a<14>          |z<21>          |   23.561|
a<14>          |z<22>          |   24.138|
a<14>          |z<23>          |   25.901|
a<14>          |z<24>          |   26.293|
a<14>          |z<25>          |   28.465|
a<14>          |z<26>          |   29.024|
a<14>          |z<27>          |   29.952|
a<14>          |z<28>          |   31.660|
a<14>          |z<29>          |   32.916|
a<14>          |z<30>          |   33.868|
a<14>          |z<31>          |   34.016|
a<15>          |add_cout       |   30.911|
a<15>          |sub_cout       |   29.585|
a<15>          |z<14>          |   15.265|
a<15>          |z<15>          |   15.411|
a<15>          |z<16>          |   15.825|
a<15>          |z<17>          |   18.438|
a<15>          |z<18>          |   18.806|
a<15>          |z<19>          |   20.147|
a<15>          |z<20>          |   20.696|
a<15>          |z<21>          |   22.529|
a<15>          |z<22>          |   22.938|
a<15>          |z<23>          |   24.869|
a<15>          |z<24>          |   24.497|
a<15>          |z<25>          |   27.433|
a<15>          |z<26>          |   27.992|
a<15>          |z<27>          |   28.920|
a<15>          |z<28>          |   30.628|
a<15>          |z<29>          |   31.884|
a<15>          |z<30>          |   32.836|
a<15>          |z<31>          |   32.984|
a<16>          |add_cout       |   29.256|
a<16>          |sub_cout       |   29.035|
a<16>          |z<15>          |   13.945|
a<16>          |z<16>          |   15.131|
a<16>          |z<17>          |   16.797|
a<16>          |z<18>          |   17.546|
a<16>          |z<19>          |   18.809|
a<16>          |z<20>          |   19.041|
a<16>          |z<21>          |   20.874|
a<16>          |z<22>          |   21.611|
a<16>          |z<23>          |   23.214|
a<16>          |z<24>          |   23.766|
a<16>          |z<25>          |   25.778|
a<16>          |z<26>          |   26.337|
a<16>          |z<27>          |   27.265|
a<16>          |z<28>          |   28.973|
a<16>          |z<29>          |   30.229|
a<16>          |z<30>          |   31.181|
a<16>          |z<31>          |   31.329|
a<17>          |add_cout       |   28.434|
a<17>          |sub_cout       |   27.429|
a<17>          |z<16>          |   14.858|
a<17>          |z<17>          |   14.925|
a<17>          |z<18>          |   16.329|
a<17>          |z<19>          |   17.670|
a<17>          |z<20>          |   18.219|
a<17>          |z<21>          |   20.052|
a<17>          |z<22>          |   20.461|
a<17>          |z<23>          |   22.392|
a<17>          |z<24>          |   22.160|
a<17>          |z<25>          |   24.956|
a<17>          |z<26>          |   25.515|
a<17>          |z<27>          |   26.443|
a<17>          |z<28>          |   28.151|
a<17>          |z<29>          |   29.407|
a<17>          |z<30>          |   30.359|
a<17>          |z<31>          |   30.507|
a<18>          |add_cout       |   26.752|
a<18>          |sub_cout       |   26.523|
a<18>          |z<17>          |   14.092|
a<18>          |z<18>          |   14.939|
a<18>          |z<19>          |   16.297|
a<18>          |z<20>          |   16.537|
a<18>          |z<21>          |   18.370|
a<18>          |z<22>          |   19.099|
a<18>          |z<23>          |   20.710|
a<18>          |z<24>          |   21.254|
a<18>          |z<25>          |   23.274|
a<18>          |z<26>          |   23.833|
a<18>          |z<27>          |   24.761|
a<18>          |z<28>          |   26.469|
a<18>          |z<29>          |   27.725|
a<18>          |z<30>          |   28.677|
a<18>          |z<31>          |   28.825|
a<19>          |add_cout       |   26.557|
a<19>          |sub_cout       |   25.892|
a<19>          |z<18>          |   14.493|
a<19>          |z<19>          |   15.661|
a<19>          |z<20>          |   16.342|
a<19>          |z<21>          |   18.175|
a<19>          |z<22>          |   18.584|
a<19>          |z<23>          |   20.515|
a<19>          |z<24>          |   20.623|
a<19>          |z<25>          |   23.079|
a<19>          |z<26>          |   23.638|
a<19>          |z<27>          |   24.566|
a<19>          |z<28>          |   26.274|
a<19>          |z<29>          |   27.530|
a<19>          |z<30>          |   28.482|
a<19>          |z<31>          |   28.630|
a<20>          |add_cout       |   24.592|
a<20>          |sub_cout       |   24.387|
a<20>          |z<19>          |   15.499|
a<20>          |z<20>          |   14.145|
a<20>          |z<21>          |   16.210|
a<20>          |z<22>          |   16.963|
a<20>          |z<23>          |   18.550|
a<20>          |z<24>          |   19.118|
a<20>          |z<25>          |   21.114|
a<20>          |z<26>          |   21.673|
a<20>          |z<27>          |   22.601|
a<20>          |z<28>          |   24.309|
a<20>          |z<29>          |   25.565|
a<20>          |z<30>          |   26.517|
a<20>          |z<31>          |   26.665|
a<21>          |add_cout       |   24.335|
a<21>          |sub_cout       |   23.925|
a<21>          |z<20>          |   13.714|
a<21>          |z<21>          |   15.166|
a<21>          |z<22>          |   16.501|
a<21>          |z<23>          |   18.293|
a<21>          |z<24>          |   18.656|
a<21>          |z<25>          |   20.857|
a<21>          |z<26>          |   21.416|
a<21>          |z<27>          |   22.344|
a<21>          |z<28>          |   24.052|
a<21>          |z<29>          |   25.308|
a<21>          |z<30>          |   26.260|
a<21>          |z<31>          |   26.408|
a<22>          |add_cout       |   21.120|
a<22>          |sub_cout       |   22.165|
a<22>          |z<21>          |   13.419|
a<22>          |z<22>          |   13.680|
a<22>          |z<23>          |   15.078|
a<22>          |z<24>          |   16.896|
a<22>          |z<25>          |   17.746|
a<22>          |z<26>          |   18.678|
a<22>          |z<27>          |   19.636|
a<22>          |z<28>          |   21.211|
a<22>          |z<29>          |   22.093|
a<22>          |z<30>          |   23.045|
a<22>          |z<31>          |   23.595|
a<23>          |add_cout       |   20.660|
a<23>          |sub_cout       |   21.062|
a<23>          |z<22>          |   13.917|
a<23>          |z<23>          |   14.413|
a<23>          |z<24>          |   15.793|
a<23>          |z<25>          |   17.182|
a<23>          |z<26>          |   17.741|
a<23>          |z<27>          |   18.669|
a<23>          |z<28>          |   20.377|
a<23>          |z<29>          |   21.633|
a<23>          |z<30>          |   22.585|
a<23>          |z<31>          |   22.733|
a<24>          |add_cout       |   18.876|
a<24>          |sub_cout       |   19.758|
a<24>          |z<23>          |   13.752|
a<24>          |z<24>          |   13.597|
a<24>          |z<25>          |   15.398|
a<24>          |z<26>          |   16.271|
a<24>          |z<27>          |   17.229|
a<24>          |z<28>          |   18.804|
a<24>          |z<29>          |   19.849|
a<24>          |z<30>          |   20.801|
a<24>          |z<31>          |   21.188|
a<25>          |add_cout       |   17.927|
a<25>          |sub_cout       |   18.767|
a<25>          |z<24>          |   14.540|
a<25>          |z<25>          |   14.105|
a<25>          |z<26>          |   15.280|
a<25>          |z<27>          |   16.238|
a<25>          |z<28>          |   17.813|
a<25>          |z<29>          |   18.900|
a<25>          |z<30>          |   19.852|
a<25>          |z<31>          |   20.197|
a<26>          |add_cout       |   15.770|
a<26>          |sub_cout       |   17.474|
a<26>          |z<25>          |   12.602|
a<26>          |z<26>          |   13.055|
a<26>          |z<27>          |   14.945|
a<26>          |z<28>          |   16.520|
a<26>          |z<29>          |   16.815|
a<26>          |z<30>          |   17.706|
a<26>          |z<31>          |   18.904|
a<27>          |add_cout       |   15.523|
a<27>          |sub_cout       |   16.231|
a<27>          |z<26>          |   14.108|
a<27>          |z<27>          |   13.197|
a<27>          |z<28>          |   15.277|
a<27>          |z<29>          |   16.496|
a<27>          |z<30>          |   17.448|
a<27>          |z<31>          |   17.661|
a<28>          |add_cout       |   13.324|
a<28>          |sub_cout       |   14.980|
a<28>          |z<27>          |   13.269|
a<28>          |z<28>          |   13.524|
a<28>          |z<29>          |   14.321|
a<28>          |z<30>          |   15.249|
a<28>          |z<31>          |   16.410|
a<29>          |add_cout       |   12.923|
a<29>          |sub_cout       |   13.700|
a<29>          |z<28>          |   13.831|
a<29>          |z<29>          |   13.792|
a<29>          |z<30>          |   14.848|
a<29>          |z<31>          |   15.130|
a<30>          |add_cout       |   11.502|
a<30>          |sub_cout       |   12.801|
a<30>          |z<29>          |   13.844|
a<30>          |z<30>          |   12.724|
a<30>          |z<31>          |   14.231|
a<31>          |add_cout       |   10.444|
a<31>          |sub_cout       |   11.356|
a<31>          |z<30>          |   13.532|
a<31>          |z<31>          |   13.696|
b<0>           |add_cout       |   48.354|
b<0>           |sub_cout       |   46.988|
b<0>           |z<0>           |   17.250|
b<0>           |z<1>           |   16.138|
b<0>           |z<2>           |   16.850|
b<0>           |z<3>           |   19.069|
b<0>           |z<4>           |   18.344|
b<0>           |z<5>           |   20.802|
b<0>           |z<6>           |   22.860|
b<0>           |z<7>           |   23.347|
b<0>           |z<8>           |   23.740|
b<0>           |z<9>           |   25.995|
b<0>           |z<10>          |   27.242|
b<0>           |z<11>          |   28.998|
b<0>           |z<12>          |   29.973|
b<0>           |z<13>          |   30.185|
b<0>           |z<14>          |   31.033|
b<0>           |z<15>          |   32.831|
b<0>           |z<16>          |   33.268|
b<0>           |z<17>          |   35.881|
b<0>           |z<18>          |   36.249|
b<0>           |z<19>          |   37.590|
b<0>           |z<20>          |   38.139|
b<0>           |z<21>          |   39.972|
b<0>           |z<22>          |   40.381|
b<0>           |z<23>          |   42.312|
b<0>           |z<24>          |   41.940|
b<0>           |z<25>          |   44.876|
b<0>           |z<26>          |   45.435|
b<0>           |z<27>          |   46.363|
b<0>           |z<28>          |   48.071|
b<0>           |z<29>          |   49.327|
b<0>           |z<30>          |   50.279|
b<0>           |z<31>          |   50.427|
b<1>           |add_cout       |   47.544|
b<1>           |sub_cout       |   45.877|
b<1>           |z<1>           |   15.732|
b<1>           |z<2>           |   16.040|
b<1>           |z<3>           |   18.259|
b<1>           |z<4>           |   17.426|
b<1>           |z<5>           |   19.992|
b<1>           |z<6>           |   22.050|
b<1>           |z<7>           |   22.408|
b<1>           |z<8>           |   22.735|
b<1>           |z<9>           |   25.185|
b<1>           |z<10>          |   26.131|
b<1>           |z<11>          |   28.188|
b<1>           |z<12>          |   29.019|
b<1>           |z<13>          |   29.375|
b<1>           |z<14>          |   30.223|
b<1>           |z<15>          |   31.720|
b<1>           |z<16>          |   32.458|
b<1>           |z<17>          |   35.071|
b<1>           |z<18>          |   35.439|
b<1>           |z<19>          |   36.780|
b<1>           |z<20>          |   37.329|
b<1>           |z<21>          |   39.162|
b<1>           |z<22>          |   39.571|
b<1>           |z<23>          |   41.502|
b<1>           |z<24>          |   41.130|
b<1>           |z<25>          |   44.066|
b<1>           |z<26>          |   44.625|
b<1>           |z<27>          |   45.553|
b<1>           |z<28>          |   47.261|
b<1>           |z<29>          |   48.517|
b<1>           |z<30>          |   49.469|
b<1>           |z<31>          |   49.617|
b<2>           |add_cout       |   45.204|
b<2>           |sub_cout       |   45.640|
b<2>           |z<2>           |   15.322|
b<2>           |z<3>           |   16.502|
b<2>           |z<4>           |   16.996|
b<2>           |z<5>           |   17.713|
b<2>           |z<6>           |   20.899|
b<2>           |z<7>           |   21.999|
b<2>           |z<8>           |   22.392|
b<2>           |z<9>           |   23.464|
b<2>           |z<10>          |   25.894|
b<2>           |z<11>          |   27.095|
b<2>           |z<12>          |   28.625|
b<2>           |z<13>          |   27.824|
b<2>           |z<14>          |   29.635|
b<2>           |z<15>          |   31.483|
b<2>           |z<16>          |   31.688|
b<2>           |z<17>          |   33.402|
b<2>           |z<18>          |   34.151|
b<2>           |z<19>          |   35.414|
b<2>           |z<20>          |   35.580|
b<2>           |z<21>          |   36.822|
b<2>           |z<22>          |   38.216|
b<2>           |z<23>          |   39.162|
b<2>           |z<24>          |   40.371|
b<2>           |z<25>          |   41.726|
b<2>           |z<26>          |   42.285|
b<2>           |z<27>          |   43.213|
b<2>           |z<28>          |   44.921|
b<2>           |z<29>          |   46.177|
b<2>           |z<30>          |   47.129|
b<2>           |z<31>          |   47.277|
b<3>           |add_cout       |   45.064|
b<3>           |sub_cout       |   44.096|
b<3>           |z<3>           |   15.304|
b<3>           |z<4>           |   15.452|
b<3>           |z<5>           |   17.512|
b<3>           |z<6>           |   19.570|
b<3>           |z<7>           |   20.455|
b<3>           |z<8>           |   20.848|
b<3>           |z<9>           |   22.705|
b<3>           |z<10>          |   24.350|
b<3>           |z<11>          |   25.708|
b<3>           |z<12>          |   27.081|
b<3>           |z<13>          |   26.895|
b<3>           |z<14>          |   28.091|
b<3>           |z<15>          |   29.939|
b<3>           |z<16>          |   30.144|
b<3>           |z<17>          |   32.591|
b<3>           |z<18>          |   32.959|
b<3>           |z<19>          |   34.300|
b<3>           |z<20>          |   34.849|
b<3>           |z<21>          |   36.682|
b<3>           |z<22>          |   37.091|
b<3>           |z<23>          |   39.022|
b<3>           |z<24>          |   38.827|
b<3>           |z<25>          |   41.586|
b<3>           |z<26>          |   42.145|
b<3>           |z<27>          |   43.073|
b<3>           |z<28>          |   44.781|
b<3>           |z<29>          |   46.037|
b<3>           |z<30>          |   46.989|
b<3>           |z<31>          |   47.137|
b<4>           |add_cout       |   43.415|
b<4>           |sub_cout       |   43.809|
b<4>           |z<4>           |   15.087|
b<4>           |z<5>           |   15.882|
b<4>           |z<6>           |   19.068|
b<4>           |z<7>           |   20.168|
b<4>           |z<8>           |   20.561|
b<4>           |z<9>           |   21.633|
b<4>           |z<10>          |   24.063|
b<4>           |z<11>          |   25.264|
b<4>           |z<12>          |   26.794|
b<4>           |z<13>          |   25.993|
b<4>           |z<14>          |   27.804|
b<4>           |z<15>          |   29.652|
b<4>           |z<16>          |   29.857|
b<4>           |z<17>          |   31.571|
b<4>           |z<18>          |   32.320|
b<4>           |z<19>          |   33.583|
b<4>           |z<20>          |   33.749|
b<4>           |z<21>          |   35.033|
b<4>           |z<22>          |   36.385|
b<4>           |z<23>          |   37.373|
b<4>           |z<24>          |   38.540|
b<4>           |z<25>          |   39.937|
b<4>           |z<26>          |   40.496|
b<4>           |z<27>          |   41.424|
b<4>           |z<28>          |   43.132|
b<4>           |z<29>          |   44.388|
b<4>           |z<30>          |   45.340|
b<4>           |z<31>          |   45.488|
b<5>           |add_cout       |   44.943|
b<5>           |sub_cout       |   42.642|
b<5>           |z<5>           |   16.033|
b<5>           |z<6>           |   19.449|
b<5>           |z<7>           |   19.807|
b<5>           |z<8>           |   20.134|
b<5>           |z<9>           |   22.584|
b<5>           |z<10>          |   22.946|
b<5>           |z<11>          |   25.587|
b<5>           |z<12>          |   26.418|
b<5>           |z<13>          |   26.774|
b<5>           |z<14>          |   27.622|
b<5>           |z<15>          |   28.629|
b<5>           |z<16>          |   29.857|
b<5>           |z<17>          |   32.470|
b<5>           |z<18>          |   32.838|
b<5>           |z<19>          |   34.179|
b<5>           |z<20>          |   34.728|
b<5>           |z<21>          |   36.561|
b<5>           |z<22>          |   36.970|
b<5>           |z<23>          |   38.901|
b<5>           |z<24>          |   38.529|
b<5>           |z<25>          |   41.465|
b<5>           |z<26>          |   42.024|
b<5>           |z<27>          |   42.952|
b<5>           |z<28>          |   44.660|
b<5>           |z<29>          |   45.916|
b<5>           |z<30>          |   46.868|
b<5>           |z<31>          |   47.016|
b<6>           |add_cout       |   42.837|
b<6>           |sub_cout       |   41.654|
b<6>           |z<6>           |   18.368|
b<6>           |z<7>           |   18.013|
b<6>           |z<8>           |   18.406|
b<6>           |z<9>           |   20.478|
b<6>           |z<10>          |   21.908|
b<6>           |z<11>          |   23.481|
b<6>           |z<12>          |   24.639|
b<6>           |z<13>          |   24.668|
b<6>           |z<14>          |   25.649|
b<6>           |z<15>          |   27.497|
b<6>           |z<16>          |   27.751|
b<6>           |z<17>          |   30.364|
b<6>           |z<18>          |   30.732|
b<6>           |z<19>          |   32.073|
b<6>           |z<20>          |   32.622|
b<6>           |z<21>          |   34.455|
b<6>           |z<22>          |   34.864|
b<6>           |z<23>          |   36.795|
b<6>           |z<24>          |   36.423|
b<6>           |z<25>          |   39.359|
b<6>           |z<26>          |   39.918|
b<6>           |z<27>          |   40.846|
b<6>           |z<28>          |   42.554|
b<6>           |z<29>          |   43.810|
b<6>           |z<30>          |   44.762|
b<6>           |z<31>          |   44.910|
b<7>           |add_cout       |   40.847|
b<7>           |sub_cout       |   39.094|
b<7>           |z<7>           |   16.151|
b<7>           |z<8>           |   16.038|
b<7>           |z<9>           |   18.488|
b<7>           |z<10>          |   19.348|
b<7>           |z<11>          |   21.491|
b<7>           |z<12>          |   22.322|
b<7>           |z<13>          |   22.678|
b<7>           |z<14>          |   23.526|
b<7>           |z<15>          |   24.937|
b<7>           |z<16>          |   25.761|
b<7>           |z<17>          |   28.374|
b<7>           |z<18>          |   28.742|
b<7>           |z<19>          |   30.083|
b<7>           |z<20>          |   30.632|
b<7>           |z<21>          |   32.465|
b<7>           |z<22>          |   32.874|
b<7>           |z<23>          |   34.805|
b<7>           |z<24>          |   34.433|
b<7>           |z<25>          |   37.369|
b<7>           |z<26>          |   37.928|
b<7>           |z<27>          |   38.856|
b<7>           |z<28>          |   40.564|
b<7>           |z<29>          |   41.820|
b<7>           |z<30>          |   42.772|
b<7>           |z<31>          |   42.920|
b<8>           |add_cout       |   40.865|
b<8>           |sub_cout       |   39.359|
b<8>           |z<8>           |   16.533|
b<8>           |z<9>           |   18.506|
b<8>           |z<10>          |   19.613|
b<8>           |z<11>          |   21.509|
b<8>           |z<12>          |   22.344|
b<8>           |z<13>          |   22.696|
b<8>           |z<14>          |   23.544|
b<8>           |z<15>          |   25.202|
b<8>           |z<16>          |   25.779|
b<8>           |z<17>          |   28.392|
b<8>           |z<18>          |   28.760|
b<8>           |z<19>          |   30.101|
b<8>           |z<20>          |   30.650|
b<8>           |z<21>          |   32.483|
b<8>           |z<22>          |   32.892|
b<8>           |z<23>          |   34.823|
b<8>           |z<24>          |   34.451|
b<8>           |z<25>          |   37.387|
b<8>           |z<26>          |   37.946|
b<8>           |z<27>          |   38.874|
b<8>           |z<28>          |   40.582|
b<8>           |z<29>          |   41.838|
b<8>           |z<30>          |   42.790|
b<8>           |z<31>          |   42.938|
b<9>           |add_cout       |   39.019|
b<9>           |sub_cout       |   36.321|
b<9>           |z<9>           |   15.934|
b<9>           |z<10>          |   17.022|
b<9>           |z<11>          |   19.663|
b<9>           |z<12>          |   20.494|
b<9>           |z<13>          |   20.850|
b<9>           |z<14>          |   21.698|
b<9>           |z<15>          |   22.705|
b<9>           |z<16>          |   23.933|
b<9>           |z<17>          |   26.546|
b<9>           |z<18>          |   26.914|
b<9>           |z<19>          |   28.255|
b<9>           |z<20>          |   28.804|
b<9>           |z<21>          |   30.637|
b<9>           |z<22>          |   31.046|
b<9>           |z<23>          |   32.977|
b<9>           |z<24>          |   32.605|
b<9>           |z<25>          |   35.541|
b<9>           |z<26>          |   36.100|
b<9>           |z<27>          |   37.028|
b<9>           |z<28>          |   38.736|
b<9>           |z<29>          |   39.992|
b<9>           |z<30>          |   40.944|
b<9>           |z<31>          |   41.092|
b<10>          |add_cout       |   36.058|
b<10>          |sub_cout       |   35.951|
b<10>          |z<10>          |   16.958|
b<10>          |z<11>          |   17.406|
b<10>          |z<12>          |   18.936|
b<10>          |z<13>          |   18.135|
b<10>          |z<14>          |   19.946|
b<10>          |z<15>          |   21.794|
b<10>          |z<16>          |   21.999|
b<10>          |z<17>          |   23.713|
b<10>          |z<18>          |   24.462|
b<10>          |z<19>          |   25.725|
b<10>          |z<20>          |   25.891|
b<10>          |z<21>          |   27.676|
b<10>          |z<22>          |   28.527|
b<10>          |z<23>          |   30.016|
b<10>          |z<24>          |   30.682|
b<10>          |z<25>          |   32.580|
b<10>          |z<26>          |   33.139|
b<10>          |z<27>          |   34.067|
b<10>          |z<28>          |   35.775|
b<10>          |z<29>          |   37.031|
b<10>          |z<30>          |   37.983|
b<10>          |z<31>          |   38.131|
b<11>          |add_cout       |   35.555|
b<11>          |sub_cout       |   34.148|
b<11>          |z<11>          |   17.331|
b<11>          |z<12>          |   17.133|
b<11>          |z<13>          |   17.386|
b<11>          |z<14>          |   18.234|
b<11>          |z<15>          |   19.991|
b<11>          |z<16>          |   20.469|
b<11>          |z<17>          |   23.082|
b<11>          |z<18>          |   23.450|
b<11>          |z<19>          |   24.791|
b<11>          |z<20>          |   25.340|
b<11>          |z<21>          |   27.173|
b<11>          |z<22>          |   27.582|
b<11>          |z<23>          |   29.513|
b<11>          |z<24>          |   29.141|
b<11>          |z<25>          |   32.077|
b<11>          |z<26>          |   32.636|
b<11>          |z<27>          |   33.564|
b<11>          |z<28>          |   35.272|
b<11>          |z<29>          |   36.528|
b<11>          |z<30>          |   37.480|
b<11>          |z<31>          |   37.628|
b<12>          |add_cout       |   34.973|
b<12>          |sub_cout       |   33.792|
b<12>          |z<12>          |   18.176|
b<12>          |z<13>          |   16.804|
b<12>          |z<14>          |   17.787|
b<12>          |z<15>          |   19.635|
b<12>          |z<16>          |   19.887|
b<12>          |z<17>          |   22.500|
b<12>          |z<18>          |   22.868|
b<12>          |z<19>          |   24.209|
b<12>          |z<20>          |   24.758|
b<12>          |z<21>          |   26.591|
b<12>          |z<22>          |   27.000|
b<12>          |z<23>          |   28.931|
b<12>          |z<24>          |   28.559|
b<12>          |z<25>          |   31.495|
b<12>          |z<26>          |   32.054|
b<12>          |z<27>          |   32.982|
b<12>          |z<28>          |   34.690|
b<12>          |z<29>          |   35.946|
b<12>          |z<30>          |   36.898|
b<12>          |z<31>          |   37.046|
b<13>          |add_cout       |   33.673|
b<13>          |sub_cout       |   32.161|
b<13>          |z<13>          |   15.262|
b<13>          |z<14>          |   16.352|
b<13>          |z<15>          |   18.004|
b<13>          |z<16>          |   18.587|
b<13>          |z<17>          |   21.200|
b<13>          |z<18>          |   21.568|
b<13>          |z<19>          |   22.909|
b<13>          |z<20>          |   23.458|
b<13>          |z<21>          |   25.291|
b<13>          |z<22>          |   25.700|
b<13>          |z<23>          |   27.631|
b<13>          |z<24>          |   27.259|
b<13>          |z<25>          |   30.195|
b<13>          |z<26>          |   30.754|
b<13>          |z<27>          |   31.682|
b<13>          |z<28>          |   33.390|
b<13>          |z<29>          |   34.646|
b<13>          |z<30>          |   35.598|
b<13>          |z<31>          |   35.746|
b<14>          |add_cout       |   32.334|
b<14>          |sub_cout       |   31.809|
b<14>          |z<14>          |   16.626|
b<14>          |z<15>          |   17.652|
b<14>          |z<16>          |   17.857|
b<14>          |z<17>          |   19.861|
b<14>          |z<18>          |   20.320|
b<14>          |z<19>          |   21.583|
b<14>          |z<20>          |   22.119|
b<14>          |z<21>          |   23.952|
b<14>          |z<22>          |   24.385|
b<14>          |z<23>          |   26.292|
b<14>          |z<24>          |   26.540|
b<14>          |z<25>          |   28.856|
b<14>          |z<26>          |   29.415|
b<14>          |z<27>          |   30.343|
b<14>          |z<28>          |   32.051|
b<14>          |z<29>          |   33.307|
b<14>          |z<30>          |   34.259|
b<14>          |z<31>          |   34.407|
b<15>          |add_cout       |   32.418|
b<15>          |sub_cout       |   29.973|
b<15>          |z<15>          |   16.347|
b<15>          |z<16>          |   17.332|
b<15>          |z<17>          |   19.945|
b<15>          |z<18>          |   20.313|
b<15>          |z<19>          |   21.654|
b<15>          |z<20>          |   22.203|
b<15>          |z<21>          |   24.036|
b<15>          |z<22>          |   24.445|
b<15>          |z<23>          |   26.376|
b<15>          |z<24>          |   26.004|
b<15>          |z<25>          |   28.940|
b<15>          |z<26>          |   29.499|
b<15>          |z<27>          |   30.427|
b<15>          |z<28>          |   32.135|
b<15>          |z<29>          |   33.391|
b<15>          |z<30>          |   34.343|
b<15>          |z<31>          |   34.491|
b<16>          |add_cout       |   29.514|
b<16>          |sub_cout       |   29.326|
b<16>          |z<16>          |   16.750|
b<16>          |z<17>          |   17.088|
b<16>          |z<18>          |   17.837|
b<16>          |z<19>          |   19.100|
b<16>          |z<20>          |   19.299|
b<16>          |z<21>          |   21.132|
b<16>          |z<22>          |   21.902|
b<16>          |z<23>          |   23.472|
b<16>          |z<24>          |   24.057|
b<16>          |z<25>          |   26.036|
b<16>          |z<26>          |   26.595|
b<16>          |z<27>          |   27.523|
b<16>          |z<28>          |   29.231|
b<16>          |z<29>          |   30.487|
b<16>          |z<30>          |   31.439|
b<16>          |z<31>          |   31.587|
b<17>          |add_cout       |   28.381|
b<17>          |sub_cout       |   27.252|
b<17>          |z<17>          |   15.198|
b<17>          |z<18>          |   16.276|
b<17>          |z<19>          |   17.617|
b<17>          |z<20>          |   18.166|
b<17>          |z<21>          |   19.999|
b<17>          |z<22>          |   20.408|
b<17>          |z<23>          |   22.339|
b<17>          |z<24>          |   21.983|
b<17>          |z<25>          |   24.903|
b<17>          |z<26>          |   25.462|
b<17>          |z<27>          |   26.390|
b<17>          |z<28>          |   28.098|
b<17>          |z<29>          |   29.354|
b<17>          |z<30>          |   30.306|
b<17>          |z<31>          |   30.454|
b<18>          |add_cout       |   26.525|
b<18>          |sub_cout       |   26.605|
b<18>          |z<18>          |   16.120|
b<18>          |z<19>          |   16.379|
b<18>          |z<20>          |   16.545|
b<18>          |z<21>          |   18.143|
b<18>          |z<22>          |   19.181|
b<18>          |z<23>          |   20.483|
b<18>          |z<24>          |   21.336|
b<18>          |z<25>          |   23.047|
b<18>          |z<26>          |   23.606|
b<18>          |z<27>          |   24.534|
b<18>          |z<28>          |   26.242|
b<18>          |z<29>          |   27.498|
b<18>          |z<30>          |   28.450|
b<18>          |z<31>          |   28.598|
b<19>          |add_cout       |   25.435|
b<19>          |sub_cout       |   25.761|
b<19>          |z<19>          |   16.155|
b<19>          |z<20>          |   15.701|
b<19>          |z<21>          |   17.053|
b<19>          |z<22>          |   18.337|
b<19>          |z<23>          |   19.393|
b<19>          |z<24>          |   20.492|
b<19>          |z<25>          |   21.957|
b<19>          |z<26>          |   22.516|
b<19>          |z<27>          |   23.444|
b<19>          |z<28>          |   25.152|
b<19>          |z<29>          |   26.408|
b<19>          |z<30>          |   27.360|
b<19>          |z<31>          |   27.508|
b<20>          |add_cout       |   25.577|
b<20>          |sub_cout       |   25.922|
b<20>          |z<20>          |   15.919|
b<20>          |z<21>          |   17.195|
b<20>          |z<22>          |   18.498|
b<20>          |z<23>          |   19.535|
b<20>          |z<24>          |   20.653|
b<20>          |z<25>          |   22.099|
b<20>          |z<26>          |   22.658|
b<20>          |z<27>          |   23.586|
b<20>          |z<28>          |   25.294|
b<20>          |z<29>          |   26.550|
b<20>          |z<30>          |   27.502|
b<20>          |z<31>          |   27.650|
b<21>          |add_cout       |   23.913|
b<21>          |sub_cout       |   23.605|
b<21>          |z<21>          |   15.659|
b<21>          |z<22>          |   16.181|
b<21>          |z<23>          |   17.871|
b<21>          |z<24>          |   18.336|
b<21>          |z<25>          |   20.435|
b<21>          |z<26>          |   20.994|
b<21>          |z<27>          |   21.922|
b<21>          |z<28>          |   23.630|
b<21>          |z<29>          |   24.886|
b<21>          |z<30>          |   25.838|
b<21>          |z<31>          |   25.986|
b<22>          |add_cout       |   22.294|
b<22>          |sub_cout       |   22.907|
b<22>          |z<22>          |   15.366|
b<22>          |z<23>          |   16.252|
b<22>          |z<24>          |   17.638|
b<22>          |z<25>          |   18.816|
b<22>          |z<26>          |   19.420|
b<22>          |z<27>          |   20.378|
b<22>          |z<28>          |   22.011|
b<22>          |z<29>          |   23.267|
b<22>          |z<30>          |   24.219|
b<22>          |z<31>          |   24.367|
b<23>          |add_cout       |   21.627|
b<23>          |sub_cout       |   21.230|
b<23>          |z<23>          |   14.960|
b<23>          |z<24>          |   15.961|
b<23>          |z<25>          |   18.149|
b<23>          |z<26>          |   18.708|
b<23>          |z<27>          |   19.636|
b<23>          |z<28>          |   21.344|
b<23>          |z<29>          |   22.600|
b<23>          |z<30>          |   23.552|
b<23>          |z<31>          |   23.700|
b<24>          |add_cout       |   20.154|
b<24>          |sub_cout       |   20.052|
b<24>          |z<24>          |   15.861|
b<24>          |z<25>          |   16.676|
b<24>          |z<26>          |   17.235|
b<24>          |z<27>          |   18.163|
b<24>          |z<28>          |   19.871|
b<24>          |z<29>          |   21.127|
b<24>          |z<30>          |   22.079|
b<24>          |z<31>          |   22.227|
b<25>          |add_cout       |   19.205|
b<25>          |sub_cout       |   19.922|
b<25>          |z<25>          |   15.624|
b<25>          |z<26>          |   16.435|
b<25>          |z<27>          |   17.393|
b<25>          |z<28>          |   18.968|
b<25>          |z<29>          |   20.178|
b<25>          |z<30>          |   21.130|
b<25>          |z<31>          |   21.352|
b<26>          |add_cout       |   17.359|
b<26>          |sub_cout       |   18.093|
b<26>          |z<26>          |   15.451|
b<26>          |z<27>          |   15.564|
b<26>          |z<28>          |   17.139|
b<26>          |z<29>          |   18.332|
b<26>          |z<30>          |   19.284|
b<26>          |z<31>          |   19.523|
b<27>          |add_cout       |   16.379|
b<27>          |sub_cout       |   17.075|
b<27>          |z<27>          |   15.036|
b<27>          |z<28>          |   16.121|
b<27>          |z<29>          |   17.352|
b<27>          |z<30>          |   18.304|
b<27>          |z<31>          |   18.505|
b<28>          |add_cout       |   14.289|
b<28>          |sub_cout       |   15.608|
b<28>          |z<28>          |   15.788|
b<28>          |z<29>          |   15.262|
b<28>          |z<30>          |   16.214|
b<28>          |z<31>          |   17.038|
b<29>          |add_cout       |   13.362|
b<29>          |sub_cout       |   13.731|
b<29>          |z<29>          |   14.978|
b<29>          |z<30>          |   15.287|
b<29>          |z<31>          |   15.435|
b<30>          |add_cout       |   12.151|
b<30>          |sub_cout       |   13.502|
b<30>          |z<30>          |   14.776|
b<30>          |z<31>          |   14.932|
b<31>          |add_cout       |   10.622|
b<31>          |sub_cout       |   11.373|
b<31>          |z<31>          |   13.922|
cin            |add_cout       |   48.687|
cin            |z<0>           |   15.928|
cin            |z<1>           |   16.471|
cin            |z<2>           |   17.183|
cin            |z<3>           |   19.402|
cin            |z<4>           |   18.569|
cin            |z<5>           |   21.135|
cin            |z<6>           |   23.193|
cin            |z<7>           |   23.551|
cin            |z<8>           |   23.878|
cin            |z<9>           |   26.328|
cin            |z<10>          |   26.690|
cin            |z<11>          |   29.331|
cin            |z<12>          |   30.162|
cin            |z<13>          |   30.518|
cin            |z<14>          |   31.366|
cin            |z<15>          |   32.373|
cin            |z<16>          |   33.601|
cin            |z<17>          |   36.214|
cin            |z<18>          |   36.582|
cin            |z<19>          |   37.923|
cin            |z<20>          |   38.472|
cin            |z<21>          |   40.305|
cin            |z<22>          |   40.714|
cin            |z<23>          |   42.645|
cin            |z<24>          |   42.273|
cin            |z<25>          |   45.209|
cin            |z<26>          |   45.768|
cin            |z<27>          |   46.696|
cin            |z<28>          |   48.404|
cin            |z<29>          |   49.660|
cin            |z<30>          |   50.612|
cin            |z<31>          |   50.760|
opr<0>         |sub_cout       |   49.684|
opr<0>         |z<0>           |   20.173|
opr<0>         |z<1>           |   20.098|
opr<0>         |z<2>           |   19.276|
opr<0>         |z<3>           |   20.546|
opr<0>         |z<4>           |   21.040|
opr<0>         |z<5>           |   21.757|
opr<0>         |z<6>           |   24.943|
opr<0>         |z<7>           |   26.043|
opr<0>         |z<8>           |   26.436|
opr<0>         |z<9>           |   27.508|
opr<0>         |z<10>          |   29.938|
opr<0>         |z<11>          |   31.139|
opr<0>         |z<12>          |   32.669|
opr<0>         |z<13>          |   31.868|
opr<0>         |z<14>          |   33.679|
opr<0>         |z<15>          |   35.527|
opr<0>         |z<16>          |   35.732|
opr<0>         |z<17>          |   37.446|
opr<0>         |z<18>          |   38.195|
opr<0>         |z<19>          |   39.458|
opr<0>         |z<20>          |   39.624|
opr<0>         |z<21>          |   40.542|
opr<0>         |z<22>          |   42.260|
opr<0>         |z<23>          |   42.151|
opr<0>         |z<24>          |   44.415|
opr<0>         |z<25>          |   45.265|
opr<0>         |z<26>          |   46.197|
opr<0>         |z<27>          |   47.155|
opr<0>         |z<28>          |   48.730|
opr<0>         |z<29>          |   49.025|
opr<0>         |z<30>          |   49.916|
opr<0>         |z<31>          |   51.114|
opr<1>         |z<0>           |   15.664|
opr<1>         |z<1>           |   13.305|
opr<1>         |z<2>           |   13.515|
opr<1>         |z<3>           |   13.886|
opr<1>         |z<4>           |   12.817|
opr<1>         |z<5>           |   12.961|
opr<1>         |z<6>           |   14.598|
opr<1>         |z<7>           |   14.063|
opr<1>         |z<8>           |   13.295|
opr<1>         |z<9>           |   13.418|
opr<1>         |z<10>          |   13.557|
opr<1>         |z<11>          |   13.953|
opr<1>         |z<12>          |   15.208|
opr<1>         |z<13>          |   13.043|
opr<1>         |z<14>          |   12.929|
opr<1>         |z<15>          |   14.023|
opr<1>         |z<16>          |   12.613|
opr<1>         |z<17>          |   13.729|
opr<1>         |z<18>          |   14.139|
opr<1>         |z<19>          |   14.581|
opr<1>         |z<20>          |   13.348|
opr<1>         |z<21>          |   12.897|
opr<1>         |z<22>          |   12.479|
opr<1>         |z<23>          |   13.175|
opr<1>         |z<24>          |   13.646|
opr<1>         |z<25>          |   11.894|
opr<1>         |z<26>          |   13.437|
opr<1>         |z<27>          |   12.691|
opr<1>         |z<28>          |   12.487|
opr<1>         |z<29>          |   13.048|
opr<1>         |z<30>          |   12.733|
opr<1>         |z<31>          |   11.695|
opr<2>         |z<0>           |   13.240|
opr<2>         |z<1>           |   12.981|
opr<2>         |z<2>           |   12.709|
opr<2>         |z<3>           |   12.934|
opr<2>         |z<4>           |   12.769|
opr<2>         |z<5>           |   11.537|
opr<2>         |z<6>           |   14.306|
opr<2>         |z<7>           |   12.442|
opr<2>         |z<8>           |   13.395|
opr<2>         |z<9>           |   13.682|
opr<2>         |z<10>          |   13.578|
opr<2>         |z<11>          |   13.097|
opr<2>         |z<12>          |   14.245|
opr<2>         |z<13>          |   13.192|
opr<2>         |z<14>          |   13.189|
opr<2>         |z<15>          |   13.505|
opr<2>         |z<16>          |   12.936|
opr<2>         |z<17>          |   13.007|
opr<2>         |z<18>          |   13.288|
opr<2>         |z<19>          |   13.900|
opr<2>         |z<20>          |   12.723|
opr<2>         |z<21>          |   12.846|
opr<2>         |z<22>          |   11.608|
opr<2>         |z<23>          |   13.603|
opr<2>         |z<24>          |   13.600|
opr<2>         |z<25>          |   11.908|
opr<2>         |z<26>          |   13.330|
opr<2>         |z<27>          |   12.960|
opr<2>         |z<28>          |   12.638|
opr<2>         |z<29>          |   13.189|
opr<2>         |z<30>          |   12.755|
opr<2>         |z<31>          |   12.300|
shiftdir       |z<0>           |   17.267|
shiftdir       |z<1>           |   15.361|
shiftdir       |z<2>           |   15.523|
shiftdir       |z<3>           |   16.878|
shiftdir       |z<4>           |   15.570|
shiftdir       |z<5>           |   16.161|
shiftdir       |z<6>           |   16.533|
shiftdir       |z<7>           |   15.782|
shiftdir       |z<8>           |   16.905|
shiftdir       |z<9>           |   17.310|
shiftdir       |z<10>          |   17.644|
shiftdir       |z<11>          |   18.185|
shiftdir       |z<12>          |   16.766|
shiftdir       |z<13>          |   17.602|
shiftdir       |z<14>          |   16.413|
shiftdir       |z<15>          |   16.156|
shiftdir       |z<16>          |   17.150|
shiftdir       |z<17>          |   16.200|
shiftdir       |z<18>          |   16.874|
shiftdir       |z<19>          |   17.521|
shiftdir       |z<20>          |   15.873|
shiftdir       |z<21>          |   15.565|
shiftdir       |z<22>          |   16.653|
shiftdir       |z<23>          |   16.906|
shiftdir       |z<24>          |   15.806|
shiftdir       |z<25>          |   15.064|
shiftdir       |z<26>          |   16.552|
shiftdir       |z<27>          |   15.623|
shiftdir       |z<28>          |   16.661|
shiftdir       |z<29>          |   15.464|
shiftdir       |z<30>          |   16.459|
shiftdir       |z<31>          |   13.991|
---------------+---------------+---------+


Analysis completed Sat Jan 25 20:24:55 2025 
--------------------------------------------------------------------------------

Trace Settings:
-------------------------
Trace Settings 

Peak Memory Usage: 74 MB



