--------------------------------------------------------------------------------
Release 10.1 Trace  (nt)
Copyright (c) 1995-2008 Xilinx, Inc.  All rights reserved.

C:\Xilinx\10.1\ISE\bin\nt\unwrapped\trce.exe -ise C:/yzhou477/yzhou477.ise
-intstyle ise -e 3 -s 6 -xml ALUv_32bit ALUv_32bit.ncd -o ALUv_32bit.twr
ALUv_32bit.pcf

Design file:              ALUv_32bit.ncd
Physical constraint file: ALUv_32bit.pcf
Device,package,speed:     xa2s300e,ft256,-6 (PRODUCTION 1.18 2008-01-09)
Report level:             error report

Environment Variable      Effect 
--------------------      ------ 
NONE                      No environment variables were set
--------------------------------------------------------------------------------

INFO:Timing:2698 - No timing constraints found, doing default enumeration.
INFO:Timing:2752 - To get complete path coverage, use the unconstrained paths 
   option. All paths that are not constrained will be reported in the 
   unconstrained paths section(s) of the report.
INFO:Timing:3339 - The clock-to-out numbers in this timing report are based on 
   a 50 Ohm transmission line loading model.  For the details of this model, 
   and for more information on accounting for different loading conditions, 
   please see the device datasheet.



Data Sheet report:
-----------------
All values displayed in nanoseconds (ns)

Pad to Pad
---------------+---------------+---------+
Source Pad     |Destination Pad|  Delay  |
---------------+---------------+---------+
a<0>           |add_cout       |   17.551|
a<0>           |result<0>      |   19.259|
a<0>           |result<1>      |   20.731|
a<0>           |result<2>      |   19.656|
a<0>           |result<3>      |   19.694|
a<0>           |result<4>      |   18.897|
a<0>           |result<5>      |   20.699|
a<0>           |result<6>      |   20.154|
a<0>           |result<7>      |   19.571|
a<0>           |result<8>      |   19.781|
a<0>           |result<9>      |   19.113|
a<0>           |result<10>     |   19.389|
a<0>           |result<11>     |   18.744|
a<0>           |result<12>     |   20.042|
a<0>           |result<13>     |   19.017|
a<0>           |result<14>     |   19.351|
a<0>           |result<15>     |   19.326|
a<0>           |result<16>     |   19.042|
a<0>           |result<17>     |   18.978|
a<0>           |result<18>     |   18.819|
a<0>           |result<19>     |   18.721|
a<0>           |result<20>     |   19.533|
a<0>           |result<21>     |   18.873|
a<0>           |result<22>     |   17.634|
a<0>           |result<23>     |   18.546|
a<0>           |result<24>     |   19.414|
a<0>           |result<25>     |   17.911|
a<0>           |result<26>     |   18.437|
a<0>           |result<27>     |   18.772|
a<0>           |result<28>     |   18.110|
a<0>           |result<29>     |   19.309|
a<0>           |result<30>     |   18.766|
a<0>           |result<31>     |   19.835|
a<0>           |sub_cout       |   17.814|
a<1>           |add_cout       |   17.753|
a<1>           |result<0>      |   14.961|
a<1>           |result<1>      |   20.323|
a<1>           |result<2>      |   19.866|
a<1>           |result<3>      |   19.898|
a<1>           |result<4>      |   19.177|
a<1>           |result<5>      |   20.901|
a<1>           |result<6>      |   20.356|
a<1>           |result<7>      |   19.851|
a<1>           |result<8>      |   20.061|
a<1>           |result<9>      |   19.315|
a<1>           |result<10>     |   19.669|
a<1>           |result<11>     |   19.024|
a<1>           |result<12>     |   20.322|
a<1>           |result<13>     |   19.297|
a<1>           |result<14>     |   19.553|
a<1>           |result<15>     |   19.606|
a<1>           |result<16>     |   19.322|
a<1>           |result<17>     |   19.180|
a<1>           |result<18>     |   19.081|
a<1>           |result<19>     |   19.001|
a<1>           |result<20>     |   19.813|
a<1>           |result<21>     |   19.075|
a<1>           |result<22>     |   17.914|
a<1>           |result<23>     |   18.748|
a<1>           |result<24>     |   19.694|
a<1>           |result<25>     |   18.191|
a<1>           |result<26>     |   18.639|
a<1>           |result<27>     |   18.974|
a<1>           |result<28>     |   18.390|
a<1>           |result<29>     |   19.589|
a<1>           |result<30>     |   18.968|
a<1>           |result<31>     |   20.037|
a<1>           |sub_cout       |   18.094|
a<2>           |add_cout       |   16.813|
a<2>           |result<1>      |   20.779|
a<2>           |result<2>      |   18.256|
a<2>           |result<3>      |   18.956|
a<2>           |result<4>      |   18.167|
a<2>           |result<5>      |   19.961|
a<2>           |result<6>      |   19.416|
a<2>           |result<7>      |   18.841|
a<2>           |result<8>      |   19.051|
a<2>           |result<9>      |   18.375|
a<2>           |result<10>     |   18.659|
a<2>           |result<11>     |   18.014|
a<2>           |result<12>     |   19.312|
a<2>           |result<13>     |   18.287|
a<2>           |result<14>     |   18.613|
a<2>           |result<15>     |   18.596|
a<2>           |result<16>     |   18.312|
a<2>           |result<17>     |   18.240|
a<2>           |result<18>     |   18.081|
a<2>           |result<19>     |   17.991|
a<2>           |result<20>     |   18.803|
a<2>           |result<21>     |   18.135|
a<2>           |result<22>     |   16.904|
a<2>           |result<23>     |   17.808|
a<2>           |result<24>     |   18.684|
a<2>           |result<25>     |   17.181|
a<2>           |result<26>     |   17.699|
a<2>           |result<27>     |   18.034|
a<2>           |result<28>     |   17.380|
a<2>           |result<29>     |   18.579|
a<2>           |result<30>     |   18.028|
a<2>           |result<31>     |   19.097|
a<2>           |sub_cout       |   17.084|
a<3>           |add_cout       |   16.907|
a<3>           |result<2>      |   18.748|
a<3>           |result<3>      |   18.461|
a<3>           |result<4>      |   18.428|
a<3>           |result<5>      |   20.055|
a<3>           |result<6>      |   19.510|
a<3>           |result<7>      |   19.102|
a<3>           |result<8>      |   19.312|
a<3>           |result<9>      |   18.557|
a<3>           |result<10>     |   18.920|
a<3>           |result<11>     |   18.275|
a<3>           |result<12>     |   19.573|
a<3>           |result<13>     |   18.548|
a<3>           |result<14>     |   18.734|
a<3>           |result<15>     |   18.857|
a<3>           |result<16>     |   18.573|
a<3>           |result<17>     |   18.334|
a<3>           |result<18>     |   18.332|
a<3>           |result<19>     |   18.252|
a<3>           |result<20>     |   19.064|
a<3>           |result<21>     |   18.229|
a<3>           |result<22>     |   17.165|
a<3>           |result<23>     |   17.902|
a<3>           |result<24>     |   18.945|
a<3>           |result<25>     |   17.442|
a<3>           |result<26>     |   17.820|
a<3>           |result<27>     |   18.128|
a<3>           |result<28>     |   17.641|
a<3>           |result<29>     |   18.840|
a<3>           |result<30>     |   18.122|
a<3>           |result<31>     |   19.191|
a<3>           |sub_cout       |   17.345|
a<4>           |add_cout       |   17.443|
a<4>           |result<3>      |   17.265|
a<4>           |result<4>      |   18.358|
a<4>           |result<5>      |   20.591|
a<4>           |result<6>      |   20.046|
a<4>           |result<7>      |   19.694|
a<4>           |result<8>      |   19.904|
a<4>           |result<9>      |   19.149|
a<4>           |result<10>     |   19.512|
a<4>           |result<11>     |   18.867|
a<4>           |result<12>     |   20.165|
a<4>           |result<13>     |   19.140|
a<4>           |result<14>     |   19.326|
a<4>           |result<15>     |   19.449|
a<4>           |result<16>     |   19.165|
a<4>           |result<17>     |   18.882|
a<4>           |result<18>     |   18.924|
a<4>           |result<19>     |   18.844|
a<4>           |result<20>     |   19.656|
a<4>           |result<21>     |   18.765|
a<4>           |result<22>     |   17.757|
a<4>           |result<23>     |   18.438|
a<4>           |result<24>     |   19.537|
a<4>           |result<25>     |   18.034|
a<4>           |result<26>     |   18.412|
a<4>           |result<27>     |   18.664|
a<4>           |result<28>     |   18.233|
a<4>           |result<29>     |   19.432|
a<4>           |result<30>     |   18.658|
a<4>           |result<31>     |   19.727|
a<4>           |sub_cout       |   17.937|
a<5>           |add_cout       |   16.677|
a<5>           |result<4>      |   18.087|
a<5>           |result<5>      |   19.137|
a<5>           |result<6>      |   19.280|
a<5>           |result<7>      |   18.621|
a<5>           |result<8>      |   18.831|
a<5>           |result<9>      |   18.239|
a<5>           |result<10>     |   18.439|
a<5>           |result<11>     |   17.794|
a<5>           |result<12>     |   19.092|
a<5>           |result<13>     |   18.067|
a<5>           |result<14>     |   18.477|
a<5>           |result<15>     |   18.439|
a<5>           |result<16>     |   18.092|
a<5>           |result<17>     |   18.104|
a<5>           |result<18>     |   17.945|
a<5>           |result<19>     |   17.771|
a<5>           |result<20>     |   18.583|
a<5>           |result<21>     |   17.999|
a<5>           |result<22>     |   16.684|
a<5>           |result<23>     |   17.672|
a<5>           |result<24>     |   18.464|
a<5>           |result<25>     |   16.961|
a<5>           |result<26>     |   17.563|
a<5>           |result<27>     |   17.898|
a<5>           |result<28>     |   17.160|
a<5>           |result<29>     |   18.403|
a<5>           |result<30>     |   17.892|
a<5>           |result<31>     |   18.961|
a<5>           |sub_cout       |   16.864|
a<6>           |add_cout       |   16.491|
a<6>           |result<5>      |   18.526|
a<6>           |result<6>      |   18.432|
a<6>           |result<7>      |   18.313|
a<6>           |result<8>      |   18.451|
a<6>           |result<9>      |   18.053|
a<6>           |result<10>     |   18.228|
a<6>           |result<11>     |   17.582|
a<6>           |result<12>     |   18.712|
a<6>           |result<13>     |   17.712|
a<6>           |result<14>     |   18.291|
a<6>           |result<15>     |   18.253|
a<6>           |result<16>     |   17.741|
a<6>           |result<17>     |   17.918|
a<6>           |result<18>     |   17.759|
a<6>           |result<19>     |   17.391|
a<6>           |result<20>     |   18.203|
a<6>           |result<21>     |   17.813|
a<6>           |result<22>     |   16.304|
a<6>           |result<23>     |   17.486|
a<6>           |result<24>     |   18.084|
a<6>           |result<25>     |   16.581|
a<6>           |result<26>     |   17.377|
a<6>           |result<27>     |   17.712|
a<6>           |result<28>     |   16.849|
a<6>           |result<29>     |   18.217|
a<6>           |result<30>     |   17.706|
a<6>           |result<31>     |   18.775|
a<6>           |sub_cout       |   16.484|
a<7>           |add_cout       |   16.972|
a<7>           |result<6>      |   18.937|
a<7>           |result<7>      |   18.301|
a<7>           |result<8>      |   19.199|
a<7>           |result<9>      |   18.534|
a<7>           |result<10>     |   18.807|
a<7>           |result<11>     |   18.162|
a<7>           |result<12>     |   19.460|
a<7>           |result<13>     |   18.435|
a<7>           |result<14>     |   18.772|
a<7>           |result<15>     |   18.744|
a<7>           |result<16>     |   18.460|
a<7>           |result<17>     |   18.399|
a<7>           |result<18>     |   18.240|
a<7>           |result<19>     |   18.139|
a<7>           |result<20>     |   18.951|
a<7>           |result<21>     |   18.294|
a<7>           |result<22>     |   17.052|
a<7>           |result<23>     |   17.967|
a<7>           |result<24>     |   18.832|
a<7>           |result<25>     |   17.329|
a<7>           |result<26>     |   17.858|
a<7>           |result<27>     |   18.193|
a<7>           |result<28>     |   17.528|
a<7>           |result<29>     |   18.727|
a<7>           |result<30>     |   18.187|
a<7>           |result<31>     |   19.256|
a<7>           |sub_cout       |   17.232|
a<8>           |add_cout       |   17.022|
a<8>           |result<7>      |   17.309|
a<8>           |result<8>      |   18.547|
a<8>           |result<9>      |   18.584|
a<8>           |result<10>     |   18.817|
a<8>           |result<11>     |   18.172|
a<8>           |result<12>     |   19.470|
a<8>           |result<13>     |   18.445|
a<8>           |result<14>     |   18.822|
a<8>           |result<15>     |   18.784|
a<8>           |result<16>     |   18.470|
a<8>           |result<17>     |   18.449|
a<8>           |result<18>     |   18.290|
a<8>           |result<19>     |   18.149|
a<8>           |result<20>     |   18.961|
a<8>           |result<21>     |   18.344|
a<8>           |result<22>     |   17.062|
a<8>           |result<23>     |   18.017|
a<8>           |result<24>     |   18.842|
a<8>           |result<25>     |   17.339|
a<8>           |result<26>     |   17.908|
a<8>           |result<27>     |   18.243|
a<8>           |result<28>     |   17.538|
a<8>           |result<29>     |   18.748|
a<8>           |result<30>     |   18.237|
a<8>           |result<31>     |   19.306|
a<8>           |sub_cout       |   17.242|
a<9>           |add_cout       |   17.543|
a<9>           |result<8>      |   19.046|
a<9>           |result<9>      |   18.417|
a<9>           |result<10>     |   19.280|
a<9>           |result<11>     |   18.634|
a<9>           |result<12>     |   19.841|
a<9>           |result<13>     |   18.816|
a<9>           |result<14>     |   19.343|
a<9>           |result<15>     |   19.305|
a<9>           |result<16>     |   18.841|
a<9>           |result<17>     |   18.970|
a<9>           |result<18>     |   18.811|
a<9>           |result<19>     |   18.520|
a<9>           |result<20>     |   19.332|
a<9>           |result<21>     |   18.865|
a<9>           |result<22>     |   17.433|
a<9>           |result<23>     |   18.538|
a<9>           |result<24>     |   19.213|
a<9>           |result<25>     |   17.710|
a<9>           |result<26>     |   18.429|
a<9>           |result<27>     |   18.764|
a<9>           |result<28>     |   17.909|
a<9>           |result<29>     |   19.269|
a<9>           |result<30>     |   18.758|
a<9>           |result<31>     |   19.827|
a<9>           |sub_cout       |   17.613|
a<10>          |add_cout       |   15.964|
a<10>          |result<9>      |   17.853|
a<10>          |result<10>     |   17.279|
a<10>          |result<11>     |   17.296|
a<10>          |result<12>     |   18.594|
a<10>          |result<13>     |   17.569|
a<10>          |result<14>     |   17.764|
a<10>          |result<15>     |   17.878|
a<10>          |result<16>     |   17.594|
a<10>          |result<17>     |   17.391|
a<10>          |result<18>     |   17.353|
a<10>          |result<19>     |   17.273|
a<10>          |result<20>     |   18.085|
a<10>          |result<21>     |   17.286|
a<10>          |result<22>     |   16.186|
a<10>          |result<23>     |   16.959|
a<10>          |result<24>     |   17.966|
a<10>          |result<25>     |   16.463|
a<10>          |result<26>     |   16.850|
a<10>          |result<27>     |   17.185|
a<10>          |result<28>     |   16.662|
a<10>          |result<29>     |   17.861|
a<10>          |result<30>     |   17.179|
a<10>          |result<31>     |   18.248|
a<10>          |sub_cout       |   16.366|
a<11>          |add_cout       |   16.481|
a<11>          |result<10>     |   15.777|
a<11>          |result<11>     |   17.058|
a<11>          |result<12>     |   19.044|
a<11>          |result<13>     |   18.019|
a<11>          |result<14>     |   18.281|
a<11>          |result<15>     |   18.328|
a<11>          |result<16>     |   18.044|
a<11>          |result<17>     |   17.908|
a<11>          |result<18>     |   17.803|
a<11>          |result<19>     |   17.723|
a<11>          |result<20>     |   18.535|
a<11>          |result<21>     |   17.803|
a<11>          |result<22>     |   16.636|
a<11>          |result<23>     |   17.476|
a<11>          |result<24>     |   18.416|
a<11>          |result<25>     |   16.913|
a<11>          |result<26>     |   17.367|
a<11>          |result<27>     |   17.702|
a<11>          |result<28>     |   17.112|
a<11>          |result<29>     |   18.311|
a<11>          |result<30>     |   17.696|
a<11>          |result<31>     |   18.765|
a<11>          |sub_cout       |   16.816|
a<12>          |add_cout       |   16.092|
a<12>          |result<11>     |   17.340|
a<12>          |result<12>     |   17.894|
a<12>          |result<13>     |   17.531|
a<12>          |result<14>     |   17.892|
a<12>          |result<15>     |   17.854|
a<12>          |result<16>     |   17.556|
a<12>          |result<17>     |   17.519|
a<12>          |result<18>     |   17.360|
a<12>          |result<19>     |   17.235|
a<12>          |result<20>     |   18.047|
a<12>          |result<21>     |   17.414|
a<12>          |result<22>     |   16.148|
a<12>          |result<23>     |   17.087|
a<12>          |result<24>     |   17.928|
a<12>          |result<25>     |   16.425|
a<12>          |result<26>     |   16.978|
a<12>          |result<27>     |   17.313|
a<12>          |result<28>     |   16.624|
a<12>          |result<29>     |   17.823|
a<12>          |result<30>     |   17.307|
a<12>          |result<31>     |   18.376|
a<12>          |sub_cout       |   16.328|
a<13>          |add_cout       |   15.661|
a<13>          |result<12>     |   17.512|
a<13>          |result<13>     |   17.019|
a<13>          |result<14>     |   17.893|
a<13>          |result<15>     |   18.016|
a<13>          |result<16>     |   17.732|
a<13>          |result<17>     |   17.449|
a<13>          |result<18>     |   17.491|
a<13>          |result<19>     |   17.411|
a<13>          |result<20>     |   18.223|
a<13>          |result<21>     |   16.983|
a<13>          |result<22>     |   16.324|
a<13>          |result<23>     |   16.771|
a<13>          |result<24>     |   18.104|
a<13>          |result<25>     |   16.601|
a<13>          |result<26>     |   16.979|
a<13>          |result<27>     |   16.982|
a<13>          |result<28>     |   16.800|
a<13>          |result<29>     |   17.999|
a<13>          |result<30>     |   17.165|
a<13>          |result<31>     |   18.127|
a<13>          |sub_cout       |   16.504|
a<14>          |add_cout       |   16.127|
a<14>          |result<13>     |   15.723|
a<14>          |result<14>     |   17.265|
a<14>          |result<15>     |   17.981|
a<14>          |result<16>     |   17.697|
a<14>          |result<17>     |   17.554|
a<14>          |result<18>     |   17.456|
a<14>          |result<19>     |   17.376|
a<14>          |result<20>     |   18.188|
a<14>          |result<21>     |   17.449|
a<14>          |result<22>     |   16.289|
a<14>          |result<23>     |   17.122|
a<14>          |result<24>     |   18.069|
a<14>          |result<25>     |   16.566|
a<14>          |result<26>     |   17.013|
a<14>          |result<27>     |   17.348|
a<14>          |result<28>     |   16.765|
a<14>          |result<29>     |   17.964|
a<14>          |result<30>     |   17.342|
a<14>          |result<31>     |   18.411|
a<14>          |sub_cout       |   16.469|
a<15>          |add_cout       |   15.948|
a<15>          |result<14>     |   17.201|
a<15>          |result<15>     |   17.089|
a<15>          |result<16>     |   17.493|
a<15>          |result<17>     |   17.375|
a<15>          |result<18>     |   17.252|
a<15>          |result<19>     |   17.172|
a<15>          |result<20>     |   17.984|
a<15>          |result<21>     |   17.270|
a<15>          |result<22>     |   16.085|
a<15>          |result<23>     |   16.943|
a<15>          |result<24>     |   17.865|
a<15>          |result<25>     |   16.362|
a<15>          |result<26>     |   16.834|
a<15>          |result<27>     |   17.169|
a<15>          |result<28>     |   16.561|
a<15>          |result<29>     |   17.760|
a<15>          |result<30>     |   17.163|
a<15>          |result<31>     |   18.232|
a<15>          |sub_cout       |   16.265|
a<16>          |add_cout       |   15.509|
a<16>          |result<15>     |   16.153|
a<16>          |result<16>     |   16.346|
a<16>          |result<17>     |   16.936|
a<16>          |result<18>     |   16.777|
a<16>          |result<19>     |   16.687|
a<16>          |result<20>     |   17.499|
a<16>          |result<21>     |   16.831|
a<16>          |result<22>     |   15.600|
a<16>          |result<23>     |   16.504|
a<16>          |result<24>     |   17.380|
a<16>          |result<25>     |   15.877|
a<16>          |result<26>     |   16.395|
a<16>          |result<27>     |   16.730|
a<16>          |result<28>     |   16.076|
a<16>          |result<29>     |   17.275|
a<16>          |result<30>     |   16.724|
a<16>          |result<31>     |   17.793|
a<16>          |sub_cout       |   15.780|
a<17>          |add_cout       |   15.930|
a<17>          |result<16>     |   15.347|
a<17>          |result<17>     |   16.669|
a<17>          |result<18>     |   17.198|
a<17>          |result<19>     |   16.943|
a<17>          |result<20>     |   17.755|
a<17>          |result<21>     |   17.252|
a<17>          |result<22>     |   15.856|
a<17>          |result<23>     |   16.925|
a<17>          |result<24>     |   17.636|
a<17>          |result<25>     |   16.133|
a<17>          |result<26>     |   16.816|
a<17>          |result<27>     |   17.151|
a<17>          |result<28>     |   16.332|
a<17>          |result<29>     |   17.656|
a<17>          |result<30>     |   17.145|
a<17>          |result<31>     |   18.214|
a<17>          |sub_cout       |   16.036|
a<18>          |add_cout       |   15.296|
a<18>          |result<17>     |   15.480|
a<18>          |result<18>     |   15.902|
a<18>          |result<19>     |   16.446|
a<18>          |result<20>     |   17.258|
a<18>          |result<21>     |   16.618|
a<18>          |result<22>     |   15.359|
a<18>          |result<23>     |   16.291|
a<18>          |result<24>     |   17.139|
a<18>          |result<25>     |   15.636|
a<18>          |result<26>     |   16.182|
a<18>          |result<27>     |   16.517|
a<18>          |result<28>     |   15.835|
a<18>          |result<29>     |   17.034|
a<18>          |result<30>     |   16.511|
a<18>          |result<31>     |   17.580|
a<18>          |sub_cout       |   15.539|
a<19>          |add_cout       |   15.437|
a<19>          |result<18>     |   15.582|
a<19>          |result<19>     |   15.810|
a<19>          |result<20>     |   17.310|
a<19>          |result<21>     |   16.759|
a<19>          |result<22>     |   15.411|
a<19>          |result<23>     |   16.432|
a<19>          |result<24>     |   17.191|
a<19>          |result<25>     |   15.688|
a<19>          |result<26>     |   16.323|
a<19>          |result<27>     |   16.658|
a<19>          |result<28>     |   15.887|
a<19>          |result<29>     |   17.163|
a<19>          |result<30>     |   16.652|
a<19>          |result<31>     |   17.721|
a<19>          |sub_cout       |   15.591|
a<20>          |add_cout       |   14.749|
a<20>          |result<19>     |   15.430|
a<20>          |result<20>     |   16.383|
a<20>          |result<21>     |   16.071|
a<20>          |result<22>     |   15.146|
a<20>          |result<23>     |   15.744|
a<20>          |result<24>     |   16.926|
a<20>          |result<25>     |   15.423|
a<20>          |result<26>     |   15.801|
a<20>          |result<27>     |   15.970|
a<20>          |result<28>     |   15.622|
a<20>          |result<29>     |   16.821|
a<20>          |result<30>     |   15.987|
a<20>          |result<31>     |   17.033|
a<20>          |sub_cout       |   15.326|
a<21>          |add_cout       |   14.626|
a<21>          |result<20>     |   14.899|
a<21>          |result<21>     |   15.260|
a<21>          |result<22>     |   14.989|
a<21>          |result<23>     |   15.621|
a<21>          |result<24>     |   16.769|
a<21>          |result<25>     |   15.266|
a<21>          |result<26>     |   15.644|
a<21>          |result<27>     |   15.847|
a<21>          |result<28>     |   15.465|
a<21>          |result<29>     |   16.664|
a<21>          |result<30>     |   15.841|
a<21>          |result<31>     |   16.910|
a<21>          |sub_cout       |   15.169|
a<22>          |add_cout       |   14.922|
a<22>          |result<21>     |   15.082|
a<22>          |result<22>     |   14.343|
a<22>          |result<23>     |   15.917|
a<22>          |result<24>     |   16.785|
a<22>          |result<25>     |   15.282|
a<22>          |result<26>     |   15.808|
a<22>          |result<27>     |   16.143|
a<22>          |result<28>     |   15.481|
a<22>          |result<29>     |   16.680|
a<22>          |result<30>     |   16.137|
a<22>          |result<31>     |   17.206|
a<22>          |sub_cout       |   15.185|
a<23>          |add_cout       |   14.189|
a<23>          |result<22>     |   13.354|
a<23>          |result<23>     |   14.496|
a<23>          |result<24>     |   16.053|
a<23>          |result<25>     |   14.550|
a<23>          |result<26>     |   15.075|
a<23>          |result<27>     |   15.410|
a<23>          |result<28>     |   14.749|
a<23>          |result<29>     |   15.948|
a<23>          |result<30>     |   15.404|
a<23>          |result<31>     |   16.473|
a<23>          |sub_cout       |   14.453|
a<24>          |add_cout       |   14.676|
a<24>          |result<23>     |   14.704|
a<24>          |result<24>     |   16.140|
a<24>          |result<25>     |   15.299|
a<24>          |result<26>     |   15.677|
a<24>          |result<27>     |   15.897|
a<24>          |result<28>     |   15.498|
a<24>          |result<29>     |   16.697|
a<24>          |result<30>     |   15.891|
a<24>          |result<31>     |   16.960|
a<24>          |sub_cout       |   15.202|
a<25>          |add_cout       |   14.385|
a<25>          |result<24>     |   14.846|
a<25>          |result<25>     |   14.119|
a<25>          |result<26>     |   15.271|
a<25>          |result<27>     |   15.606|
a<25>          |result<28>     |   15.006|
a<25>          |result<29>     |   16.205|
a<25>          |result<30>     |   15.600|
a<25>          |result<31>     |   16.669|
a<25>          |sub_cout       |   14.710|
a<26>          |add_cout       |   14.098|
a<26>          |result<25>     |   13.200|
a<26>          |result<26>     |   14.322|
a<26>          |result<27>     |   15.319|
a<26>          |result<28>     |   14.597|
a<26>          |result<29>     |   15.824|
a<26>          |result<30>     |   15.313|
a<26>          |result<31>     |   16.382|
a<26>          |sub_cout       |   14.301|
a<27>          |add_cout       |   14.383|
a<27>          |result<26>     |   13.566|
a<27>          |result<27>     |   14.916|
a<27>          |result<28>     |   14.982|
a<27>          |result<29>     |   16.181|
a<27>          |result<30>     |   15.598|
a<27>          |result<31>     |   16.667|
a<27>          |sub_cout       |   14.686|
a<28>          |add_cout       |   14.100|
a<28>          |result<27>     |   14.735|
a<28>          |result<28>     |   13.796|
a<28>          |result<29>     |   15.826|
a<28>          |result<30>     |   15.315|
a<28>          |result<31>     |   16.384|
a<28>          |sub_cout       |   13.975|
a<29>          |add_cout       |   14.404|
a<29>          |result<28>     |   12.855|
a<29>          |result<29>     |   15.442|
a<29>          |result<30>     |   15.619|
a<29>          |result<31>     |   16.688|
a<29>          |sub_cout       |   14.528|
a<30>          |add_cout       |   14.671|
a<30>          |result<29>     |   13.308|
a<30>          |result<30>     |   15.224|
a<30>          |result<31>     |   16.955|
a<30>          |sub_cout       |   14.418|
a<31>          |add_cout       |   14.459|
a<31>          |result<30>     |   11.682|
a<31>          |result<31>     |   16.055|
a<31>          |sub_cout       |   14.746|
b<0>           |add_cout       |   15.982|
b<0>           |result<0>      |   17.870|
b<0>           |result<1>      |   19.342|
b<0>           |result<2>      |   18.197|
b<0>           |result<3>      |   18.229|
b<0>           |result<4>      |   17.508|
b<0>           |result<5>      |   19.130|
b<0>           |result<6>      |   18.585|
b<0>           |result<7>      |   18.182|
b<0>           |result<8>      |   18.392|
b<0>           |result<9>      |   17.637|
b<0>           |result<10>     |   18.000|
b<0>           |result<11>     |   17.355|
b<0>           |result<12>     |   18.653|
b<0>           |result<13>     |   17.628|
b<0>           |result<14>     |   17.814|
b<0>           |result<15>     |   17.937|
b<0>           |result<16>     |   17.653|
b<0>           |result<17>     |   17.409|
b<0>           |result<18>     |   17.412|
b<0>           |result<19>     |   17.332|
b<0>           |result<20>     |   18.144|
b<0>           |result<21>     |   17.304|
b<0>           |result<22>     |   16.245|
b<0>           |result<23>     |   16.977|
b<0>           |result<24>     |   18.025|
b<0>           |result<25>     |   16.522|
b<0>           |result<26>     |   16.900|
b<0>           |result<27>     |   17.203|
b<0>           |result<28>     |   16.721|
b<0>           |result<29>     |   17.920|
b<0>           |result<30>     |   17.197|
b<0>           |result<31>     |   18.266|
b<0>           |sub_cout       |   16.425|
b<1>           |add_cout       |   16.453|
b<1>           |result<1>      |   18.941|
b<1>           |result<2>      |   18.558|
b<1>           |result<3>      |   18.596|
b<1>           |result<4>      |   17.766|
b<1>           |result<5>      |   19.601|
b<1>           |result<6>      |   19.056|
b<1>           |result<7>      |   18.440|
b<1>           |result<8>      |   18.650|
b<1>           |result<9>      |   18.015|
b<1>           |result<10>     |   18.258|
b<1>           |result<11>     |   17.613|
b<1>           |result<12>     |   18.911|
b<1>           |result<13>     |   17.886|
b<1>           |result<14>     |   18.253|
b<1>           |result<15>     |   18.215|
b<1>           |result<16>     |   17.911|
b<1>           |result<17>     |   17.880|
b<1>           |result<18>     |   17.721|
b<1>           |result<19>     |   17.590|
b<1>           |result<20>     |   18.402|
b<1>           |result<21>     |   17.775|
b<1>           |result<22>     |   16.503|
b<1>           |result<23>     |   17.448|
b<1>           |result<24>     |   18.283|
b<1>           |result<25>     |   16.780|
b<1>           |result<26>     |   17.339|
b<1>           |result<27>     |   17.674|
b<1>           |result<28>     |   16.979|
b<1>           |result<29>     |   18.179|
b<1>           |result<30>     |   17.668|
b<1>           |result<31>     |   18.737|
b<1>           |sub_cout       |   16.683|
b<2>           |add_cout       |   15.673|
b<2>           |result<2>      |   17.116|
b<2>           |result<3>      |   17.816|
b<2>           |result<4>      |   17.053|
b<2>           |result<5>      |   18.821|
b<2>           |result<6>      |   18.276|
b<2>           |result<7>      |   17.727|
b<2>           |result<8>      |   17.937|
b<2>           |result<9>      |   17.235|
b<2>           |result<10>     |   17.545|
b<2>           |result<11>     |   16.900|
b<2>           |result<12>     |   18.198|
b<2>           |result<13>     |   17.173|
b<2>           |result<14>     |   17.473|
b<2>           |result<15>     |   17.482|
b<2>           |result<16>     |   17.198|
b<2>           |result<17>     |   17.100|
b<2>           |result<18>     |   16.957|
b<2>           |result<19>     |   16.877|
b<2>           |result<20>     |   17.689|
b<2>           |result<21>     |   16.995|
b<2>           |result<22>     |   15.790|
b<2>           |result<23>     |   16.668|
b<2>           |result<24>     |   17.570|
b<2>           |result<25>     |   16.067|
b<2>           |result<26>     |   16.559|
b<2>           |result<27>     |   16.894|
b<2>           |result<28>     |   16.266|
b<2>           |result<29>     |   17.465|
b<2>           |result<30>     |   16.888|
b<2>           |result<31>     |   17.957|
b<2>           |sub_cout       |   15.970|
b<3>           |add_cout       |   15.898|
b<3>           |result<3>      |   17.353|
b<3>           |result<4>      |   17.152|
b<3>           |result<5>      |   19.046|
b<3>           |result<6>      |   18.501|
b<3>           |result<7>      |   17.742|
b<3>           |result<8>      |   17.952|
b<3>           |result<9>      |   17.460|
b<3>           |result<10>     |   17.635|
b<3>           |result<11>     |   16.989|
b<3>           |result<12>     |   18.213|
b<3>           |result<13>     |   17.188|
b<3>           |result<14>     |   17.698|
b<3>           |result<15>     |   17.660|
b<3>           |result<16>     |   17.213|
b<3>           |result<17>     |   17.325|
b<3>           |result<18>     |   17.166|
b<3>           |result<19>     |   16.892|
b<3>           |result<20>     |   17.704|
b<3>           |result<21>     |   17.220|
b<3>           |result<22>     |   15.805|
b<3>           |result<23>     |   16.893|
b<3>           |result<24>     |   17.585|
b<3>           |result<25>     |   16.082|
b<3>           |result<26>     |   16.784|
b<3>           |result<27>     |   17.119|
b<3>           |result<28>     |   16.281|
b<3>           |result<29>     |   17.624|
b<3>           |result<30>     |   17.113|
b<3>           |result<31>     |   18.182|
b<3>           |sub_cout       |   15.985|
b<4>           |add_cout       |   15.241|
b<4>           |result<4>      |   16.483|
b<4>           |result<5>      |   18.535|
b<4>           |result<6>      |   18.117|
b<4>           |result<7>      |   17.819|
b<4>           |result<8>      |   18.029|
b<4>           |result<9>      |   17.274|
b<4>           |result<10>     |   17.637|
b<4>           |result<11>     |   16.992|
b<4>           |result<12>     |   18.290|
b<4>           |result<13>     |   17.265|
b<4>           |result<14>     |   17.451|
b<4>           |result<15>     |   17.574|
b<4>           |result<16>     |   17.290|
b<4>           |result<17>     |   17.007|
b<4>           |result<18>     |   17.049|
b<4>           |result<19>     |   16.969|
b<4>           |result<20>     |   17.781|
b<4>           |result<21>     |   16.563|
b<4>           |result<22>     |   15.882|
b<4>           |result<23>     |   16.329|
b<4>           |result<24>     |   17.662|
b<4>           |result<25>     |   16.159|
b<4>           |result<26>     |   16.537|
b<4>           |result<27>     |   16.540|
b<4>           |result<28>     |   16.358|
b<4>           |result<29>     |   17.557|
b<4>           |result<30>     |   16.723|
b<4>           |result<31>     |   17.685|
b<4>           |sub_cout       |   16.062|
b<5>           |add_cout       |   15.165|
b<5>           |result<5>      |   17.625|
b<5>           |result<6>      |   17.768|
b<5>           |result<7>      |   17.219|
b<5>           |result<8>      |   17.429|
b<5>           |result<9>      |   16.727|
b<5>           |result<10>     |   17.037|
b<5>           |result<11>     |   16.392|
b<5>           |result<12>     |   17.690|
b<5>           |result<13>     |   16.665|
b<5>           |result<14>     |   16.965|
b<5>           |result<15>     |   16.974|
b<5>           |result<16>     |   16.690|
b<5>           |result<17>     |   16.592|
b<5>           |result<18>     |   16.449|
b<5>           |result<19>     |   16.369|
b<5>           |result<20>     |   17.181|
b<5>           |result<21>     |   16.487|
b<5>           |result<22>     |   15.282|
b<5>           |result<23>     |   16.160|
b<5>           |result<24>     |   17.062|
b<5>           |result<25>     |   15.559|
b<5>           |result<26>     |   16.051|
b<5>           |result<27>     |   16.386|
b<5>           |result<28>     |   15.758|
b<5>           |result<29>     |   16.957|
b<5>           |result<30>     |   16.380|
b<5>           |result<31>     |   17.449|
b<5>           |sub_cout       |   15.462|
b<6>           |add_cout       |   15.313|
b<6>           |result<6>      |   17.254|
b<6>           |result<7>      |   17.484|
b<6>           |result<8>      |   17.694|
b<6>           |result<9>      |   16.939|
b<6>           |result<10>     |   17.302|
b<6>           |result<11>     |   16.657|
b<6>           |result<12>     |   17.955|
b<6>           |result<13>     |   16.930|
b<6>           |result<14>     |   17.116|
b<6>           |result<15>     |   17.239|
b<6>           |result<16>     |   16.955|
b<6>           |result<17>     |   16.740|
b<6>           |result<18>     |   16.714|
b<6>           |result<19>     |   16.634|
b<6>           |result<20>     |   17.446|
b<6>           |result<21>     |   16.635|
b<6>           |result<22>     |   15.547|
b<6>           |result<23>     |   16.308|
b<6>           |result<24>     |   17.327|
b<6>           |result<25>     |   15.824|
b<6>           |result<26>     |   16.202|
b<6>           |result<27>     |   16.534|
b<6>           |result<28>     |   16.023|
b<6>           |result<29>     |   17.222|
b<6>           |result<30>     |   16.528|
b<6>           |result<31>     |   17.597|
b<6>           |sub_cout       |   15.727|
b<7>           |add_cout       |   14.978|
b<7>           |result<7>      |   16.234|
b<7>           |result<8>      |   17.132|
b<7>           |result<9>      |   16.540|
b<7>           |result<10>     |   16.740|
b<7>           |result<11>     |   16.095|
b<7>           |result<12>     |   17.393|
b<7>           |result<13>     |   16.368|
b<7>           |result<14>     |   16.778|
b<7>           |result<15>     |   16.740|
b<7>           |result<16>     |   16.393|
b<7>           |result<17>     |   16.405|
b<7>           |result<18>     |   16.246|
b<7>           |result<19>     |   16.072|
b<7>           |result<20>     |   16.884|
b<7>           |result<21>     |   16.300|
b<7>           |result<22>     |   14.985|
b<7>           |result<23>     |   15.973|
b<7>           |result<24>     |   16.765|
b<7>           |result<25>     |   15.262|
b<7>           |result<26>     |   15.864|
b<7>           |result<27>     |   16.199|
b<7>           |result<28>     |   15.461|
b<7>           |result<29>     |   16.704|
b<7>           |result<30>     |   16.193|
b<7>           |result<31>     |   17.262|
b<7>           |sub_cout       |   15.165|
b<8>           |add_cout       |   16.009|
b<8>           |result<8>      |   17.728|
b<8>           |result<9>      |   17.635|
b<8>           |result<10>     |   17.998|
b<8>           |result<11>     |   17.353|
b<8>           |result<12>     |   18.651|
b<8>           |result<13>     |   17.626|
b<8>           |result<14>     |   17.812|
b<8>           |result<15>     |   17.935|
b<8>           |result<16>     |   17.651|
b<8>           |result<17>     |   17.436|
b<8>           |result<18>     |   17.410|
b<8>           |result<19>     |   17.330|
b<8>           |result<20>     |   18.142|
b<8>           |result<21>     |   17.331|
b<8>           |result<22>     |   16.243|
b<8>           |result<23>     |   17.004|
b<8>           |result<24>     |   18.023|
b<8>           |result<25>     |   16.520|
b<8>           |result<26>     |   16.898|
b<8>           |result<27>     |   17.230|
b<8>           |result<28>     |   16.719|
b<8>           |result<29>     |   17.918|
b<8>           |result<30>     |   17.224|
b<8>           |result<31>     |   18.293|
b<8>           |sub_cout       |   16.423|
b<9>           |add_cout       |   14.796|
b<9>           |result<9>      |   15.670|
b<9>           |result<10>     |   16.675|
b<9>           |result<11>     |   16.030|
b<9>           |result<12>     |   17.328|
b<9>           |result<13>     |   16.303|
b<9>           |result<14>     |   16.596|
b<9>           |result<15>     |   16.612|
b<9>           |result<16>     |   16.328|
b<9>           |result<17>     |   16.223|
b<9>           |result<18>     |   16.087|
b<9>           |result<19>     |   16.007|
b<9>           |result<20>     |   16.819|
b<9>           |result<21>     |   16.118|
b<9>           |result<22>     |   14.920|
b<9>           |result<23>     |   15.791|
b<9>           |result<24>     |   16.700|
b<9>           |result<25>     |   15.197|
b<9>           |result<26>     |   15.682|
b<9>           |result<27>     |   16.017|
b<9>           |result<28>     |   15.396|
b<9>           |result<29>     |   16.595|
b<9>           |result<30>     |   16.011|
b<9>           |result<31>     |   17.080|
b<9>           |sub_cout       |   15.100|
b<10>          |add_cout       |   14.885|
b<10>          |result<10>     |   16.300|
b<10>          |result<11>     |   16.317|
b<10>          |result<12>     |   17.615|
b<10>          |result<13>     |   16.590|
b<10>          |result<14>     |   16.776|
b<10>          |result<15>     |   16.899|
b<10>          |result<16>     |   16.615|
b<10>          |result<17>     |   16.332|
b<10>          |result<18>     |   16.374|
b<10>          |result<19>     |   16.294|
b<10>          |result<20>     |   17.106|
b<10>          |result<21>     |   16.207|
b<10>          |result<22>     |   15.207|
b<10>          |result<23>     |   15.880|
b<10>          |result<24>     |   16.987|
b<10>          |result<25>     |   15.484|
b<10>          |result<26>     |   15.862|
b<10>          |result<27>     |   16.106|
b<10>          |result<28>     |   15.683|
b<10>          |result<29>     |   16.882|
b<10>          |result<30>     |   16.100|
b<10>          |result<31>     |   17.169|
b<10>          |sub_cout       |   15.387|
b<11>          |add_cout       |   16.074|
b<11>          |result<11>     |   16.477|
b<11>          |result<12>     |   18.456|
b<11>          |result<13>     |   17.431|
b<11>          |result<14>     |   17.874|
b<11>          |result<15>     |   17.836|
b<11>          |result<16>     |   17.456|
b<11>          |result<17>     |   17.501|
b<11>          |result<18>     |   17.342|
b<11>          |result<19>     |   17.135|
b<11>          |result<20>     |   17.947|
b<11>          |result<21>     |   17.396|
b<11>          |result<22>     |   16.048|
b<11>          |result<23>     |   17.069|
b<11>          |result<24>     |   17.828|
b<11>          |result<25>     |   16.325|
b<11>          |result<26>     |   16.960|
b<11>          |result<27>     |   17.295|
b<11>          |result<28>     |   16.524|
b<11>          |result<29>     |   17.800|
b<11>          |result<30>     |   17.289|
b<11>          |result<31>     |   18.358|
b<11>          |sub_cout       |   16.228|
b<12>          |add_cout       |   14.730|
b<12>          |result<12>     |   16.736|
b<12>          |result<13>     |   16.373|
b<12>          |result<14>     |   16.559|
b<12>          |result<15>     |   16.682|
b<12>          |result<16>     |   16.398|
b<12>          |result<17>     |   16.157|
b<12>          |result<18>     |   16.157|
b<12>          |result<19>     |   16.077|
b<12>          |result<20>     |   16.889|
b<12>          |result<21>     |   16.052|
b<12>          |result<22>     |   14.990|
b<12>          |result<23>     |   15.725|
b<12>          |result<24>     |   16.770|
b<12>          |result<25>     |   15.267|
b<12>          |result<26>     |   15.645|
b<12>          |result<27>     |   15.951|
b<12>          |result<28>     |   15.466|
b<12>          |result<29>     |   16.665|
b<12>          |result<30>     |   15.945|
b<12>          |result<31>     |   17.014|
b<12>          |sub_cout       |   15.170|
b<13>          |add_cout       |   16.172|
b<13>          |result<13>     |   17.078|
b<13>          |result<14>     |   17.972|
b<13>          |result<15>     |   18.075|
b<13>          |result<16>     |   17.791|
b<13>          |result<17>     |   17.599|
b<13>          |result<18>     |   17.550|
b<13>          |result<19>     |   17.470|
b<13>          |result<20>     |   18.282|
b<13>          |result<21>     |   17.494|
b<13>          |result<22>     |   16.383|
b<13>          |result<23>     |   17.167|
b<13>          |result<24>     |   18.163|
b<13>          |result<25>     |   16.660|
b<13>          |result<26>     |   17.058|
b<13>          |result<27>     |   17.393|
b<13>          |result<28>     |   16.859|
b<13>          |result<29>     |   18.058|
b<13>          |result<30>     |   17.387|
b<13>          |result<31>     |   18.456|
b<13>          |sub_cout       |   16.563|
b<14>          |add_cout       |   15.313|
b<14>          |result<14>     |   16.454|
b<14>          |result<15>     |   17.239|
b<14>          |result<16>     |   16.955|
b<14>          |result<17>     |   16.740|
b<14>          |result<18>     |   16.714|
b<14>          |result<19>     |   16.634|
b<14>          |result<20>     |   17.446|
b<14>          |result<21>     |   16.635|
b<14>          |result<22>     |   15.547|
b<14>          |result<23>     |   16.308|
b<14>          |result<24>     |   17.327|
b<14>          |result<25>     |   15.824|
b<14>          |result<26>     |   16.202|
b<14>          |result<27>     |   16.534|
b<14>          |result<28>     |   16.023|
b<14>          |result<29>     |   17.222|
b<14>          |result<30>     |   16.528|
b<14>          |result<31>     |   17.597|
b<14>          |sub_cout       |   15.727|
b<15>          |add_cout       |   16.264|
b<15>          |result<15>     |   17.338|
b<15>          |result<16>     |   17.728|
b<15>          |result<17>     |   17.691|
b<15>          |result<18>     |   17.532|
b<15>          |result<19>     |   17.407|
b<15>          |result<20>     |   18.219|
b<15>          |result<21>     |   17.586|
b<15>          |result<22>     |   16.320|
b<15>          |result<23>     |   17.259|
b<15>          |result<24>     |   18.100|
b<15>          |result<25>     |   16.597|
b<15>          |result<26>     |   17.150|
b<15>          |result<27>     |   17.485|
b<15>          |result<28>     |   16.796|
b<15>          |result<29>     |   17.995|
b<15>          |result<30>     |   17.479|
b<15>          |result<31>     |   18.548|
b<15>          |sub_cout       |   16.500|
b<16>          |add_cout       |   15.758|
b<16>          |result<16>     |   16.834|
b<16>          |result<17>     |   17.213|
b<16>          |result<18>     |   17.255|
b<16>          |result<19>     |   17.175|
b<16>          |result<20>     |   17.987|
b<16>          |result<21>     |   17.080|
b<16>          |result<22>     |   16.088|
b<16>          |result<23>     |   16.753|
b<16>          |result<24>     |   17.868|
b<16>          |result<25>     |   16.365|
b<16>          |result<26>     |   16.743|
b<16>          |result<27>     |   16.979|
b<16>          |result<28>     |   16.564|
b<16>          |result<29>     |   17.763|
b<16>          |result<30>     |   16.973|
b<16>          |result<31>     |   18.042|
b<16>          |sub_cout       |   16.268|
b<17>          |add_cout       |   15.429|
b<17>          |result<17>     |   16.168|
b<17>          |result<18>     |   16.697|
b<17>          |result<19>     |   16.544|
b<17>          |result<20>     |   17.356|
b<17>          |result<21>     |   16.751|
b<17>          |result<22>     |   15.457|
b<17>          |result<23>     |   16.424|
b<17>          |result<24>     |   17.237|
b<17>          |result<25>     |   15.734|
b<17>          |result<26>     |   16.315|
b<17>          |result<27>     |   16.650|
b<17>          |result<28>     |   15.933|
b<17>          |result<29>     |   17.155|
b<17>          |result<30>     |   16.644|
b<17>          |result<31>     |   17.713|
b<17>          |sub_cout       |   15.637|
b<18>          |add_cout       |   15.458|
b<18>          |result<18>     |   16.089|
b<18>          |result<19>     |   16.671|
b<18>          |result<20>     |   17.483|
b<18>          |result<21>     |   16.780|
b<18>          |result<22>     |   15.584|
b<18>          |result<23>     |   16.453|
b<18>          |result<24>     |   17.364|
b<18>          |result<25>     |   15.861|
b<18>          |result<26>     |   16.344|
b<18>          |result<27>     |   16.679|
b<18>          |result<28>     |   16.060|
b<18>          |result<29>     |   17.259|
b<18>          |result<30>     |   16.673|
b<18>          |result<31>     |   17.742|
b<18>          |sub_cout       |   15.764|
b<19>          |add_cout       |   15.744|
b<19>          |result<19>     |   16.415|
b<19>          |result<20>     |   17.915|
b<19>          |result<21>     |   17.066|
b<19>          |result<22>     |   16.016|
b<19>          |result<23>     |   16.739|
b<19>          |result<24>     |   17.796|
b<19>          |result<25>     |   16.293|
b<19>          |result<26>     |   16.671|
b<19>          |result<27>     |   16.965|
b<19>          |result<28>     |   16.492|
b<19>          |result<29>     |   17.691|
b<19>          |result<30>     |   16.959|
b<19>          |result<31>     |   18.028|
b<19>          |sub_cout       |   16.196|
b<20>          |add_cout       |   15.415|
b<20>          |result<20>     |   16.725|
b<20>          |result<21>     |   16.737|
b<20>          |result<22>     |   15.488|
b<20>          |result<23>     |   16.410|
b<20>          |result<24>     |   17.268|
b<20>          |result<25>     |   15.765|
b<20>          |result<26>     |   16.301|
b<20>          |result<27>     |   16.636|
b<20>          |result<28>     |   15.964|
b<20>          |result<29>     |   17.163|
b<20>          |result<30>     |   16.630|
b<20>          |result<31>     |   17.699|
b<20>          |sub_cout       |   15.668|
b<21>          |add_cout       |   15.264|
b<21>          |result<21>     |   15.898|
b<21>          |result<22>     |   15.423|
b<21>          |result<23>     |   16.259|
b<21>          |result<24>     |   17.203|
b<21>          |result<25>     |   15.700|
b<21>          |result<26>     |   16.150|
b<21>          |result<27>     |   16.485|
b<21>          |result<28>     |   15.899|
b<21>          |result<29>     |   17.098|
b<21>          |result<30>     |   16.479|
b<21>          |result<31>     |   17.548|
b<21>          |sub_cout       |   15.603|
b<22>          |add_cout       |   14.885|
b<22>          |result<22>     |   14.473|
b<22>          |result<23>     |   15.880|
b<22>          |result<24>     |   16.915|
b<22>          |result<25>     |   15.412|
b<22>          |result<26>     |   15.790|
b<22>          |result<27>     |   16.106|
b<22>          |result<28>     |   15.611|
b<22>          |result<29>     |   16.810|
b<22>          |result<30>     |   16.100|
b<22>          |result<31>     |   17.169|
b<22>          |sub_cout       |   15.315|
b<23>          |add_cout       |   15.268|
b<23>          |result<23>     |   15.575|
b<23>          |result<24>     |   17.319|
b<23>          |result<25>     |   15.816|
b<23>          |result<26>     |   16.194|
b<23>          |result<27>     |   16.489|
b<23>          |result<28>     |   16.015|
b<23>          |result<29>     |   17.214|
b<23>          |result<30>     |   16.483|
b<23>          |result<31>     |   17.552|
b<23>          |sub_cout       |   15.719|
b<24>          |add_cout       |   15.301|
b<24>          |result<24>     |   16.431|
b<24>          |result<25>     |   15.590|
b<24>          |result<26>     |   16.187|
b<24>          |result<27>     |   16.522|
b<24>          |result<28>     |   15.789|
b<24>          |result<29>     |   17.027|
b<24>          |result<30>     |   16.516|
b<24>          |result<31>     |   17.585|
b<24>          |sub_cout       |   15.493|
b<25>          |add_cout       |   15.936|
b<25>          |result<25>     |   15.481|
b<25>          |result<26>     |   16.822|
b<25>          |result<27>     |   17.157|
b<25>          |result<28>     |   16.368|
b<25>          |result<29>     |   17.662|
b<25>          |result<30>     |   17.151|
b<25>          |result<31>     |   18.220|
b<25>          |sub_cout       |   16.072|
b<26>          |add_cout       |   15.360|
b<26>          |result<26>     |   15.598|
b<26>          |result<27>     |   16.581|
b<26>          |result<28>     |   16.081|
b<26>          |result<29>     |   17.280|
b<26>          |result<30>     |   16.575|
b<26>          |result<31>     |   17.644|
b<26>          |sub_cout       |   15.785|
b<27>          |add_cout       |   15.244|
b<27>          |result<27>     |   15.777|
b<27>          |result<28>     |   15.845|
b<27>          |result<29>     |   17.044|
b<27>          |result<30>     |   16.459|
b<27>          |result<31>     |   17.528|
b<27>          |sub_cout       |   15.549|
b<28>          |add_cout       |   14.504|
b<28>          |result<28>     |   14.424|
b<28>          |result<29>     |   16.285|
b<28>          |result<30>     |   15.719|
b<28>          |result<31>     |   16.788|
b<28>          |sub_cout       |   14.790|
b<29>          |add_cout       |   14.758|
b<29>          |result<29>     |   15.865|
b<29>          |result<30>     |   15.973|
b<29>          |result<31>     |   17.042|
b<29>          |sub_cout       |   15.058|
b<30>          |add_cout       |   14.275|
b<30>          |result<30>     |   14.828|
b<30>          |result<31>     |   16.559|
b<30>          |sub_cout       |   14.535|
b<31>          |add_cout       |   14.552|
b<31>          |result<31>     |   16.148|
b<31>          |sub_cout       |   14.987|
opr<0>         |add_cout       |   10.345|
opr<0>         |result<0>      |   17.885|
opr<0>         |result<1>      |   19.615|
opr<0>         |result<2>      |   18.427|
opr<0>         |result<3>      |   16.910|
opr<0>         |result<4>      |   18.072|
opr<0>         |result<5>      |   17.707|
opr<0>         |result<6>      |   18.493|
opr<0>         |result<7>      |   16.431|
opr<0>         |result<8>      |   18.095|
opr<0>         |result<9>      |   17.799|
opr<0>         |result<10>     |   16.520|
opr<0>         |result<11>     |   16.384|
opr<0>         |result<12>     |   17.395|
opr<0>         |result<13>     |   16.946|
opr<0>         |result<14>     |   17.263|
opr<0>         |result<15>     |   17.830|
opr<0>         |result<16>     |   16.847|
opr<0>         |result<17>     |   16.779|
opr<0>         |result<18>     |   16.966|
opr<0>         |result<19>     |   16.839|
opr<0>         |result<20>     |   17.195|
opr<0>         |result<21>     |   16.016|
opr<0>         |result<22>     |   15.264|
opr<0>         |result<23>     |   15.638|
opr<0>         |result<24>     |   16.235|
opr<0>         |result<25>     |   14.965|
opr<0>         |result<26>     |   16.042|
opr<0>         |result<27>     |   15.658|
opr<0>         |result<28>     |   15.100|
opr<0>         |result<29>     |   16.244|
opr<0>         |result<30>     |   14.309|
opr<0>         |result<31>     |   16.001|
opr<0>         |sub_cout       |   10.002|
opr<1>         |add_cout       |   10.369|
opr<1>         |result<0>      |   16.932|
opr<1>         |result<1>      |   18.654|
opr<1>         |result<2>      |   17.231|
opr<1>         |result<3>      |   16.816|
opr<1>         |result<4>      |   17.248|
opr<1>         |result<5>      |   17.470|
opr<1>         |result<6>      |   17.542|
opr<1>         |result<7>      |   16.274|
opr<1>         |result<8>      |   16.464|
opr<1>         |result<9>      |   17.161|
opr<1>         |result<10>     |   16.230|
opr<1>         |result<11>     |   16.272|
opr<1>         |result<12>     |   17.176|
opr<1>         |result<13>     |   16.201|
opr<1>         |result<14>     |   16.970|
opr<1>         |result<15>     |   16.638|
opr<1>         |result<16>     |   15.995|
opr<1>         |result<17>     |   15.931|
opr<1>         |result<18>     |   16.359|
opr<1>         |result<19>     |   15.851|
opr<1>         |result<20>     |   16.508|
opr<1>         |result<21>     |   16.683|
opr<1>         |result<22>     |   15.155|
opr<1>         |result<23>     |   16.050|
opr<1>         |result<24>     |   16.543|
opr<1>         |result<25>     |   14.954|
opr<1>         |result<26>     |   16.078|
opr<1>         |result<27>     |   15.488|
opr<1>         |result<28>     |   14.845|
opr<1>         |result<29>     |   16.359|
opr<1>         |result<30>     |   14.125|
opr<1>         |result<31>     |   16.431|
opr<1>         |sub_cout       |   10.026|
opr<2>         |add_cout       |   11.741|
opr<2>         |result<0>      |   12.819|
opr<2>         |result<1>      |   13.367|
opr<2>         |result<2>      |   13.353|
opr<2>         |result<3>      |   13.641|
opr<2>         |result<4>      |   12.133|
opr<2>         |result<5>      |   13.747|
opr<2>         |result<6>      |   13.075|
opr<2>         |result<7>      |   12.819|
opr<2>         |result<8>      |   14.093|
opr<2>         |result<9>      |   12.690|
opr<2>         |result<10>     |   13.858|
opr<2>         |result<11>     |   14.031|
opr<2>         |result<12>     |   12.753|
opr<2>         |result<13>     |   11.813|
opr<2>         |result<14>     |   13.764|
opr<2>         |result<15>     |   13.248|
opr<2>         |result<16>     |   11.724|
opr<2>         |result<17>     |   12.879|
opr<2>         |result<18>     |   13.603|
opr<2>         |result<19>     |   13.348|
opr<2>         |result<20>     |   14.265|
opr<2>         |result<21>     |   13.046|
opr<2>         |result<22>     |   12.492|
opr<2>         |result<23>     |   13.221|
opr<2>         |result<24>     |   13.552|
opr<2>         |result<25>     |   12.313|
opr<2>         |result<26>     |   13.752|
opr<2>         |result<27>     |   13.815|
opr<2>         |result<28>     |   12.046|
opr<2>         |result<29>     |   13.483|
opr<2>         |result<30>     |   12.221|
opr<2>         |result<31>     |   13.124|
opr<2>         |sub_cout       |   11.373|
shiftdir       |result<0>      |   15.204|
shiftdir       |result<1>      |   20.078|
shiftdir       |result<2>      |   18.972|
shiftdir       |result<3>      |   17.325|
shiftdir       |result<4>      |   17.770|
shiftdir       |result<5>      |   18.049|
shiftdir       |result<6>      |   18.019|
shiftdir       |result<7>      |   16.816|
shiftdir       |result<8>      |   18.665|
shiftdir       |result<9>      |   17.311|
shiftdir       |result<10>     |   16.369|
shiftdir       |result<11>     |   17.261|
shiftdir       |result<12>     |   18.434|
shiftdir       |result<13>     |   17.351|
shiftdir       |result<14>     |   18.741|
shiftdir       |result<15>     |   17.558|
shiftdir       |result<16>     |   15.982|
shiftdir       |result<17>     |   16.373|
shiftdir       |result<18>     |   16.925|
shiftdir       |result<19>     |   17.178|
shiftdir       |result<20>     |   17.292|
shiftdir       |result<21>     |   17.090|
shiftdir       |result<22>     |   16.022|
shiftdir       |result<23>     |   16.951|
shiftdir       |result<24>     |   16.086|
shiftdir       |result<25>     |   15.756|
shiftdir       |result<26>     |   16.600|
shiftdir       |result<27>     |   16.937|
shiftdir       |result<28>     |   15.208|
shiftdir       |result<29>     |   16.179|
shiftdir       |result<30>     |   14.729|
shiftdir       |result<31>     |   14.690|
---------------+---------------+---------+


Analysis completed Sat Jan 25 20:53:43 2025 
--------------------------------------------------------------------------------

Trace Settings:
-------------------------
Trace Settings 

Peak Memory Usage: 74 MB



