MO fallthrough_small_fifo NULL ../lab3_mini_ids_src/ids_sim/fallthrough_small_fifo_v2.v vlg1F/fallthrough__small__fifo.bin 1738203658
MO wordmatch NULL wordmatch.vf vlg75/wordmatch.bin 1738203658
MO generic_regs NULL ../lab3_mini_ids_src/ids_sim/generic_regs.v vlg79/generic__regs.bin 1738203658
MO FD8CE_MXILINX_reg9B NULL reg9B.vf vlg66/_f_d8_c_e___m_x_i_l_i_n_x__reg9_b.bin 1738203658
MO busmerge NULL busmerge.v vlg1E/busmerge.bin 1738203658
MO detect7B NULL detect7B.vf vlg3A/detect7_b.bin 1738203658
MO dropfifo NULL dropfifo.vf vlg7D/dropfifo.bin 1738203658
MO dual9Bmem NULL dual9Bmem.v vlg28/dual9_bmem.bin 1738203658
MO CB8CE_MXILINX_dropfifo NULL dropfifo.vf vlg3D/_c_b8_c_e___m_x_i_l_i_n_x__dropfifo.bin 1738203658
MO COMP8_MXILINX_comparator NULL comparator.vf vlg5E/_c_o_m_p8___m_x_i_l_i_n_x__comparator.bin 1738203658
MO FTCLEX_MXILINX_dropfifo NULL dropfifo.vf vlg3E/_f_t_c_l_e_x___m_x_i_l_i_n_x__dropfifo.bin 1738203658
MO OR8_MXILINX_wordmatch NULL wordmatch.vf vlg65/_o_r8___m_x_i_l_i_n_x__wordmatch.bin 1738203658
MO CB8CLE_MXILINX_dropfifo NULL dropfifo.vf vlg39/_c_b8_c_l_e___m_x_i_l_i_n_x__dropfifo.bin 1738203658
MO M2_1_MXILINX_dropfifo NULL dropfifo.vf vlg23/_m2__1___m_x_i_l_i_n_x__dropfifo.bin 1738203658
MO COMP8_MXILINX_dropfifo NULL dropfifo.vf vlg3F/_c_o_m_p8___m_x_i_l_i_n_x__dropfifo.bin 1738203658
MO FD16CE_MXILINX_reg9B NULL reg9B.vf vlg41/_f_d16_c_e___m_x_i_l_i_n_x__reg9_b.bin 1738203658
MO reg9B NULL reg9B.vf vlg11/reg9_b.bin 1738203658
MO AND7_MXILINX_comparator NULL comparator.vf vlg45/_a_n_d7___m_x_i_l_i_n_x__comparator.bin 1738203658
MO FTCE_MXILINX_dropfifo NULL dropfifo.vf vlg0E/_f_t_c_e___m_x_i_l_i_n_x__dropfifo.bin 1738203658
MO small_fifo NULL ../lab3_mini_ids_src/ids_sim/small_fifo.v vlg4C/small__fifo.bin 1738203658
MO comparator NULL comparator.vf vlg6C/comparator.bin 1738203658
MO FD8CE_MXILINX_dropfifo NULL dropfifo.vf vlg7E/_f_d8_c_e___m_x_i_l_i_n_x__dropfifo.bin 1738203658
MO ids_sim NULL ../lab3_mini_ids_src/ids_sim/ids_sim.v vlg40/ids__sim.bin 1738203658
